Component: ARM Compiler 6.16 Tool: armlink [5dfeaa00]

==============================================================================

Section Cross References

    app_subghz_phy.o(.text.MX_SubGHz_Phy_Init) refers to sys_app.o(.text.SystemApp_Init) for SystemApp_Init
    app_subghz_phy.o(.text.MX_SubGHz_Phy_Init) refers to subghz_phy_app.o(.text.SubghzApp_Init) for SubghzApp_Init
    app_subghz_phy.o(.ARM.exidx.text.MX_SubGHz_Phy_Init) refers to app_subghz_phy.o(.text.MX_SubGHz_Phy_Init) for [Anonymous Symbol]
    app_subghz_phy.o(.text.MX_SubGHz_Phy_Process) refers to stm32_seq.o(.text.UTIL_SEQ_Run) for UTIL_SEQ_Run
    app_subghz_phy.o(.ARM.exidx.text.MX_SubGHz_Phy_Process) refers to app_subghz_phy.o(.text.MX_SubGHz_Phy_Process) for [Anonymous Symbol]
    subghz_phy_app.o(.text.op_join_request_handle) refers to stm32_adv_trace.o(.text.UTIL_ADV_TRACE_COND_FSend) for UTIL_ADV_TRACE_COND_FSend
    subghz_phy_app.o(.text.op_join_request_handle) refers to stm32wlxx_hal.o(.text.HAL_GetUIDw0) for HAL_GetUIDw0
    subghz_phy_app.o(.text.op_join_request_handle) refers to stm32wlxx_hal.o(.text.HAL_GetUIDw1) for HAL_GetUIDw1
    subghz_phy_app.o(.text.op_join_request_handle) refers to subghz_phy_app.o(.bss..L_MergedGlobals.15) for [Anonymous Symbol]
    subghz_phy_app.o(.text.op_join_request_handle) refers to subghz_phy_app.o(.bss..L_MergedGlobals.14) for [Anonymous Symbol]
    subghz_phy_app.o(.text.op_join_request_handle) refers to subghz_phy_app.o(.data..L_MergedGlobals) for [Anonymous Symbol]
    subghz_phy_app.o(.ARM.exidx.text.op_join_request_handle) refers to subghz_phy_app.o(.text.op_join_request_handle) for [Anonymous Symbol]
    subghz_phy_app.o(.text.op_join_accept_handle) refers to stm32_adv_trace.o(.text.UTIL_ADV_TRACE_COND_FSend) for UTIL_ADV_TRACE_COND_FSend
    subghz_phy_app.o(.text.op_join_accept_handle) refers to subghz_phy_app.o(.text.OUTLINED_FUNCTION_0) for OUTLINED_FUNCTION_0
    subghz_phy_app.o(.text.op_join_accept_handle) refers to subghz_phy_app.o(.data..L_MergedGlobals) for [Anonymous Symbol]
    subghz_phy_app.o(.text.op_join_accept_handle) refers to subghz_phy_app.o(.bss..L_MergedGlobals.14) for [Anonymous Symbol]
    subghz_phy_app.o(.text.op_join_accept_handle) refers to subghz_phy_app.o(.rodata.str1.1) for [Anonymous Symbol]
    subghz_phy_app.o(.text.op_join_accept_handle) refers to main.o(.bss..L_MergedGlobals) for save_flash_flag
    subghz_phy_app.o(.ARM.exidx.text.op_join_accept_handle) refers to subghz_phy_app.o(.text.op_join_accept_handle) for [Anonymous Symbol]
    subghz_phy_app.o(.text.op_join_accept_ack_handle) refers to subghz_phy_app.o(.text.OUTLINED_FUNCTION_0) for OUTLINED_FUNCTION_0
    subghz_phy_app.o(.text.op_join_accept_ack_handle) refers to stm32_adv_trace.o(.text.UTIL_ADV_TRACE_COND_FSend) for UTIL_ADV_TRACE_COND_FSend
    subghz_phy_app.o(.text.op_join_accept_ack_handle) refers to subghz_phy_app.o(.bss..L_MergedGlobals.14) for [Anonymous Symbol]
    subghz_phy_app.o(.text.op_join_accept_ack_handle) refers to subghz_phy_app.o(.bss..L_MergedGlobals.15) for [Anonymous Symbol]
    subghz_phy_app.o(.text.op_join_accept_ack_handle) refers to rd_flash.o(.bss..L_MergedGlobals) for dev_key_32
    subghz_phy_app.o(.text.op_join_accept_ack_handle) refers to subghz_phy_app.o(.data..L_MergedGlobals) for [Anonymous Symbol]
    subghz_phy_app.o(.ARM.exidx.text.op_join_accept_ack_handle) refers to subghz_phy_app.o(.text.op_join_accept_ack_handle) for [Anonymous Symbol]
    subghz_phy_app.o(.text.op_delete_device_handle) refers to rd_flash.o(.text.delete_device_infor) for delete_device_infor
    subghz_phy_app.o(.text.op_delete_device_handle) refers to subghz_phy_app.o(.text.led_blink) for led_blink
    subghz_phy_app.o(.text.op_delete_device_handle) refers to subghz_phy_app.o(.bss..L_MergedGlobals.14) for [Anonymous Symbol]
    subghz_phy_app.o(.text.op_delete_device_handle) refers to subghz_phy_app.o(.data..L_MergedGlobals) for [Anonymous Symbol]
    subghz_phy_app.o(.ARM.exidx.text.op_delete_device_handle) refers to subghz_phy_app.o(.text.op_delete_device_handle) for [Anonymous Symbol]
    subghz_phy_app.o(.text.op_light_to_gw_handle) refers to stm32_adv_trace.o(.text.UTIL_ADV_TRACE_COND_FSend) for UTIL_ADV_TRACE_COND_FSend
    subghz_phy_app.o(.text.op_light_to_gw_handle) refers to subghz_phy_app.o(.data..L_MergedGlobals) for [Anonymous Symbol]
    subghz_phy_app.o(.text.op_light_to_gw_handle) refers to subghz_phy_app.o(.bss..L_MergedGlobals.15) for [Anonymous Symbol]
    subghz_phy_app.o(.text.op_light_to_gw_handle) refers to subghz_phy_app.o(.bss..L_MergedGlobals.14) for [Anonymous Symbol]
    subghz_phy_app.o(.text.op_light_to_gw_handle) refers to main.o(.bss.data_max44009) for data_max44009
    subghz_phy_app.o(.ARM.exidx.text.op_light_to_gw_handle) refers to subghz_phy_app.o(.text.op_light_to_gw_handle) for [Anonymous Symbol]
    subghz_phy_app.o(.ARM.exidx.text.op_gw_to_light_handle) refers to subghz_phy_app.o(.text.op_gw_to_light_handle) for [Anonymous Symbol]
[...]
    UTIL_SEQ_PostIdle                        0x08006bc3   Thumb Code     2  stm32_seq.o(.text.UTIL_SEQ_PostIdle)
    UTIL_SEQ_PreIdle                         0x08006bc5   Thumb Code     2  stm32_seq.o(.text.UTIL_SEQ_PreIdle)
    UTIL_SEQ_RegTask                         0x08006bc9   Thumb Code    32  stm32_seq.o(.text.UTIL_SEQ_RegTask)
    UTIL_SEQ_Run                             0x08006be9   Thumb Code   224  stm32_seq.o(.text.UTIL_SEQ_Run)
    UTIL_SEQ_SetTask                         0x08006cd1   Thumb Code    36  stm32_seq.o(.text.UTIL_SEQ_SetTask)
    UTIL_TIMER_Create                        0x08006cf9   Thumb Code    52  stm32_timer.o(.text.UTIL_TIMER_Create)
    UTIL_TIMER_GetCurrentTime                0x08006d2d   Thumb Code    20  stm32_timer.o(.text.UTIL_TIMER_GetCurrentTime)
    UTIL_TIMER_GetElapsedTime                0x08006d41   Thumb Code    32  stm32_timer.o(.text.UTIL_TIMER_GetElapsedTime)
    UTIL_TIMER_IRQ_Handler                   0x08006d61   Thumb Code   128  stm32_timer.o(.text.UTIL_TIMER_IRQ_Handler)
    UTIL_TIMER_Init                          0x08006de1   Thumb Code    12  stm32_timer.o(.text.UTIL_TIMER_Init)
    UTIL_TIMER_SetPeriod                     0x08006ded   Thumb Code    48  stm32_timer.o(.text.UTIL_TIMER_SetPeriod)
    UTIL_TIMER_Start                         0x08006e1d   Thumb Code   108  stm32_timer.o(.text.UTIL_TIMER_Start)
    UTIL_TIMER_Stop                          0x08006e89   Thumb Code    96  stm32_timer.o(.text.UTIL_TIMER_Stop)
    UsageFault_Handler                       0x08006ef1   Thumb Code     2  stm32wlxx_it.o(.text.UsageFault_Handler)
    _save_netkey_device_id                   0x08006ef5   Thumb Code   152  rd_flash.o(.text._save_netkey_device_id)
    aes_encrypt_decrypt                      0x08006f91   Thumb Code    72  subghz_phy_app.o(.text.aes_encrypt_decrypt)
    delete_device_infor                      0x08006fdd   Thumb Code   104  rd_flash.o(.text.delete_device_infor)
    device_gen_dev_key                       0x08007045   Thumb Code    40  rd_flash.o(.text.device_gen_dev_key)
    device_gen_random_time                   0x0800706d   Thumb Code    40  rd_flash.o(.text.device_gen_random_time)
    led_blink                                0x0800709d   Thumb Code    36  subghz_phy_app.o(.text.led_blink)
    led_toggle                               0x080070c5   Thumb Code    60  subghz_phy_app.o(.text.led_toggle)
    light_sensor_read_data                   0x08007101   Thumb Code    24  max44009_sensor.o(.text.light_sensor_read_data)
    lux_calculate                            0x08007121   Thumb Code    64  max44009_sensor.o(.text.lux_calculate)
    main                                     0x0800716d   Thumb Code   180  main.o(.text.main)
    op_co2_to_gw_handle                      0x08007249   Thumb Code     4  subghz_phy_app.o(.text.op_co2_to_gw_handle)
    op_delete_device_handle                  0x0800724d   Thumb Code    64  subghz_phy_app.o(.text.op_delete_device_handle)
    op_ground_to_gw_handle                   0x0800728d   Thumb Code     4  subghz_phy_app.o(.text.op_ground_to_gw_handle)
    op_gw_to_co2_handle                      0x08007291   Thumb Code     4  subghz_phy_app.o(.text.op_gw_to_co2_handle)
    op_gw_to_ground_handle                   0x08007295   Thumb Code     4  subghz_phy_app.o(.text.op_gw_to_ground_handle)
    op_gw_to_light_handle                    0x08007299   Thumb Code     4  subghz_phy_app.o(.text.op_gw_to_light_handle)
    op_gw_to_temp_hum_handle                 0x0800729d   Thumb Code     4  subghz_phy_app.o(.text.op_gw_to_temp_hum_handle)
    op_join_accept_ack_handle                0x080072a1   Thumb Code   112  subghz_phy_app.o(.text.op_join_accept_ack_handle)
    op_join_accept_handle                    0x08007385   Thumb Code   396  subghz_phy_app.o(.text.op_join_accept_handle)
    op_join_request_handle                   0x0800759d   Thumb Code   116  subghz_phy_app.o(.text.op_join_request_handle)
    op_light_to_gw_handle                    0x08007631   Thumb Code    72  subghz_phy_app.o(.text.op_light_to_gw_handle)
    op_temp_hum_to_gw_handle                 0x080076a1   Thumb Code     4  subghz_phy_app.o(.text.op_temp_hum_to_gw_handle)
    op_uart_send_light_off_handle            0x080076a5   Thumb Code     4  subghz_phy_app.o(.text.op_uart_send_light_off_handle)
    op_uart_send_light_on_handle             0x080076a9   Thumb Code    40  subghz_phy_app.o(.text.op_uart_send_light_on_handle)
    rd_message_hande                         0x080076d1   Thumb Code    92  subghz_phy_app.o(.text.rd_message_hande)
    rd_set_aes_key                           0x08007765   Thumb Code    24  subghz_phy_app.o(.text.rd_set_aes_key)
    read_key_device_id                       0x08007781   Thumb Code    32  rd_flash.o(.text.read_key_device_id)
    tiny_vsnprintf_like                      0x08007871   Thumb Code   612  stm32_tiny_vsnprintf.o(.text.tiny_vsnprintf_like)
    vcom_DeInit                              0x08007b29   Thumb Code    36  usart_if.o(.text.vcom_DeInit)
    vcom_Init                                0x08007b51   Thumb Code    28  usart_if.o(.text.vcom_Init)
    vcom_ReceiveInit                         0x08007b75   Thumb Code    64  usart_if.o(.text.vcom_ReceiveInit)
    vcom_Resume                              0x08007bb9   Thumb Code    32  usart_if.o(.text.vcom_Resume)
    vcom_Trace_DMA                           0x08007bdd   Thumb Code    16  usart_if.o(.text.vcom_Trace_DMA)
    write_led                                0x08007bf1   Thumb Code    64  subghz_phy_app.o(.text.write_led)
    __mathlib_dbl_overflow                   0x08007c31   Thumb Code    14  dunder.o(i.__mathlib_dbl_overflow)
    __mathlib_dbl_underflow                  0x08007c41   Thumb Code    10  dunder.o(i.__mathlib_dbl_underflow)
    __scatterload_copy                       0x08007c51   Thumb Code    14  handlers.o(i.__scatterload_copy)
    __scatterload_null                       0x08007c5f   Thumb Code     2  handlers.o(i.__scatterload_null)
    __scatterload_zeroinit                   0x08007c61   Thumb Code    14  handlers.o(i.__scatterload_zeroinit)
    __set_errno                              0x08007c71   Thumb Code     6  errno.o(i.__set_errno)
    ldexp                                    0x08007c7d   Thumb Code   116  ldexp.o(i.ldexp)
    AHBPrescTable                            0x08007d38   Data          64  system_stm32wlxx.o(.rodata.AHBPrescTable)
    APBPrescTable                            0x08007d78   Data          32  system_stm32wlxx.o(.rodata.APBPrescTable)
    Bandwidths                               0x08007d98   Data          12  radio.o(.rodata.Bandwidths)
    FskBandwidths                            0x08007da4   Data         176  radio.o(.rodata.FskBandwidths)
    MSIRangeTable                            0x08007e54   Data          64  system_stm32wlxx.o(.rodata.MSIRangeTable)
    Radio                                    0x08007e94   Data         124  radio.o(.rodata.Radio)
    UARTPrescTable                           0x08007f24   Data          24  stm32wlxx_hal_uart.o(.rodata.UARTPrescTable)
    UTIL_PowerDriver                         0x08007f3c   Data          24  stm32_lpm_if.o(.rodata.UTIL_PowerDriver)
    UTIL_SYSTIMDriver                        0x08007f54   Data          20  timer_if.o(.rodata.UTIL_SYSTIMDriver)
    UTIL_TimerDriver                         0x08007f68   Data          44  timer_if.o(.rodata.UTIL_TimerDriver)
    UTIL_TraceDriver                         0x08007f94   Data          16  usart_if.o(.rodata.UTIL_TraceDriver)
    Region$$Table$$Base                      0x08008070   Number         0  anon$$obj.o(Region$$Table)
    Region$$Table$$Limit                     0x08008090   Number         0  anon$$obj.o(Region$$Table)
    add_device_flag                          0x20000004   Data           1  subghz_phy_app.o(.data..L_MergedGlobals)
    radio_rx_flag                            0x20000005   Data           1  subghz_phy_app.o(.data..L_MergedGlobals)
    radio_tx_flag                            0x20000006   Data           1  subghz_phy_app.o(.data..L_MergedGlobals)
    BufferSize                               0x20000008   Data           2  subghz_phy_app.o(.data..L_MergedGlobals)
    rd_tx_opcode                             0x2000000c   Data           4  subghz_phy_app.o(.data..L_MergedGlobals)
    rd_mac_id                                0x20000010   Data           8  subghz_phy_app.o(.data..L_MergedGlobals)
    rd_aes_key                               0x20000018   Data          16  subghz_phy_app.o(.data..L_MergedGlobals)
    uwTickPrio                               0x20000028   Data           4  stm32wlxx_hal.o(.data..L_MergedGlobals)
    uwTickFreq                               0x2000002c   Data           4  stm32wlxx_hal.o(.data..L_MergedGlobals)
    SystemCoreClock                          0x2000003c   Data           4  system_stm32wlxx.o(.data.SystemCoreClock)
    rd_message_func_handle                   0x20000040   Data         160  subghz_phy_app.o(.data.rd_message_func_handle)
    device_send_message_cnt                  0x200000e0   Data           1  main.o(.bss..L_MergedGlobals)
    device_send_flag                         0x200000e1   Data           1  main.o(.bss..L_MergedGlobals)
    check_one_time                           0x200000e2   Data           1  main.o(.bss..L_MergedGlobals)
    save_flash_flag                          0x200000e3   Data           1  main.o(.bss..L_MergedGlobals)
    charRx                                   0x200000ec   Data           1  usart_if.o(.bss..L_MergedGlobals)
    delete_device_flag                       0x200000f8   Data           1  rd_flash.o(.bss..L_MergedGlobals)
    dev_key_32                               0x200000fc   Data           4  rd_flash.o(.bss..L_MergedGlobals)
    random_time                              0x20000100   Data           4  rd_flash.o(.bss..L_MergedGlobals)
    Flash_Unicast                            0x20000108   Data           8  rd_flash.o(.bss..L_MergedGlobals)
    rd_random                                0x20000110   Data          16  rd_flash.o(.bss..L_MergedGlobals)
    hrng                                     0x20000120   Data          24  rd_flash.o(.bss..L_MergedGlobals)
    flash_buff                               0x20000138   Data          40  rd_flash.o(.bss..L_MergedGlobals)
    TxTimeoutTimer                           0x20000164   Data          28  radio.o(.bss..L_MergedGlobals)
    RxTimeoutTimer                           0x20000180   Data          28  radio.o(.bss..L_MergedGlobals)
    FrequencyError                           0x200001a0   Data           4  radio_driver.o(.bss..L_MergedGlobals)
    network_status                           0x200001bc   Data           1  subghz_phy_app.o(.bss..L_MergedGlobals.14)
    wakeup_flag                              0x200001bd   Data           1  subghz_phy_app.o(.bss..L_MergedGlobals.14)
    RF_one_time                              0x200001be   Data           1  subghz_phy_app.o(.bss..L_MergedGlobals.14)
    message_cnt                              0x200001bf   Data           1  subghz_phy_app.o(.bss..L_MergedGlobals.14)
    RssiValue                                0x200001c0   Data           1  subghz_phy_app.o(.bss..L_MergedGlobals.14)
    SnrValue                                 0x200001c1   Data           1  subghz_phy_app.o(.bss..L_MergedGlobals.14)
    network_status_old                       0x200001c2   Data           1  subghz_phy_app.o(.bss..L_MergedGlobals.14)
    network_status_new                       0x200001c3   Data           1  subghz_phy_app.o(.bss..L_MergedGlobals.14)
    rd_device_id                             0x200001c4   Data           2  subghz_phy_app.o(.bss..L_MergedGlobals.14)
    rd_task_cnt                              0x200001c8   Data           4  subghz_phy_app.o(.bss..L_MergedGlobals.14)
    rd_rx_opcode                             0x200001cc   Data           4  subghz_phy_app.o(.bss..L_MergedGlobals.14)
    State                                    0x200001d0   Data           4  subghz_phy_app.o(.bss..L_MergedGlobals.14)
    mac_id                                   0x200001d4   Data           8  subghz_phy_app.o(.bss..L_MergedGlobals.14)
    rd_netkey_char                           0x200001dc   Data          16  subghz_phy_app.o(.bss..L_MergedGlobals.14)
    rd_net_key_32bit                         0x200001ec   Data          16  subghz_phy_app.o(.bss..L_MergedGlobals.14)
    device_send_buff                         0x20000234   Data          32  subghz_phy_app.o(.bss..L_MergedGlobals.15)
    encrypted_data                           0x20000254   Data          32  subghz_phy_app.o(.bss..L_MergedGlobals.15)
    decrypted_data                           0x20000274   Data          32  subghz_phy_app.o(.bss..L_MergedGlobals.15)
    Buffer                                   0x200004d0   Data          32  subghz_phy_app.o(.bss.Buffer)
    SubgRf                                   0x200005f0   Data         152  radio.o(.bss.SubgRf)
    data_max44009                            0x20000710   Data           4  main.o(.bss.data_max44009)
    hcryp                                    0x20000714   Data         272  subghz_phy_app.o(.bss.hcryp)
    hdma_usart2_tx                           0x20000824   Data         100  usart.o(.bss.hdma_usart2_tx)
    hi2c3                                    0x20000888   Data          84  max44009_sensor.o(.bss.hi2c3)
    hrtc                                     0x200008dc   Data          60  rtc.o(.bss.hrtc)
    hsubghz                                  0x20000918   Data          20  subghz.o(.bss.hsubghz)
    huart2                                   0x2000092c   Data         144  usart.o(.bss.huart2)
    pFlash                                   0x200009bc   Data          24  stm32wlxx_hal_flash.o(.bss.pFlash)
    pKeyAES                                  0x200009d4   Data          16  subghz_phy_app.o(.bss.pKeyAES)
    trick_time                               0x20000ae4   Data           4  main.o(.bss.trick_time)
    uwTick                                   0x20000ae8   Data           4  stm32wlxx_hal.o(.bss.uwTick)
    __initial_sp                             0x200012f0   Data           0  startup_stm32wl55xx_cm4.o(STACK)



==============================================================================

Memory Map of the image

  Image Entry point : 0x08000139

  Load Region LR_IROM1 (Base: 0x08000000, Size: 0x00008170, Max: 0x00040000, ABSOLUTE)

    Execution Region ER_IROM1 (Exec base: 0x08000000, Load base: 0x08000000, Size: 0x00008090, Max: 0x00040000, ABSOLUTE)

    Exec Addr    Load Addr    Size         Type   Attr      Idx    E Section Name        Object

    0x08000000   0x08000000   0x00000138   Data   RO          604    RESET               startup_stm32wl55xx_cm4.o
    0x08000138   0x08000138   0x00000000   Code   RO         3096  * .ARM.Collect$$$$00000000  mc_w.l(entry.o)
    0x08000138   0x08000138   0x00000004   Code   RO         3143    .ARM.Collect$$$$00000001  mc_w.l(entry2.o)
    0x0800013c   0x0800013c   0x00000004   Code   RO         3146    .ARM.Collect$$$$00000004  mc_w.l(entry5.o)
    0x08000140   0x08000140   0x00000000   Code   RO         3148    .ARM.Collect$$$$00000008  mc_w.l(entry7b.o)
    0x08000140   0x08000140   0x00000000   Code   RO         3150    .ARM.Collect$$$$0000000A  mc_w.l(entry8b.o)
    0x08000140   0x08000140   0x00000008   Code   RO         3151    .ARM.Collect$$$$0000000B  mc_w.l(entry9a.o)
    0x08000148   0x08000148   0x00000000   Code   RO         3153    .ARM.Collect$$$$0000000D  mc_w.l(entry10a.o)
    0x08000148   0x08000148   0x00000000   Code   RO         3155    .ARM.Collect$$$$0000000F  mc_w.l(entry11a.o)
    0x08000148   0x08000148   0x00000004   Code   RO         3144    .ARM.Collect$$$$00002712  mc_w.l(entry2.o)
    0x0800014c   0x0800014c   0x00000024   Code   RO          605    .text               startup_stm32wl55xx_cm4.o
    0x08000170   0x08000170   0x00000062   Code   RO         3099    .text               mc_w.l(uldiv.o)
    0x080001d2   0x080001d2   0x00000024   Code   RO         3101    .text               mc_w.l(memcpya.o)
    0x080001f6   0x080001f6   0x00000024   Code   RO         3103    .text               mc_w.l(memseta.o)
    0x0800021a   0x0800021a   0x0000000e   Code   RO         3105    .text               mc_w.l(strlen.o)
    0x08000228   0x08000228   0x000000e4   Code   RO         3117    .text               mf_w.l(dmul.o)
    0x0800030c   0x0800030c   0x0000001a   Code   RO         3121    .text               mf_w.l(dfltui.o)
    0x08000326   0x08000326   0x00000032   Code   RO         3123    .text               mf_w.l(dfixui.o)
    0x08000358   0x08000358   0x0000001e   Code   RO         3157    .text               mc_w.l(llshl.o)
    0x08000376   0x08000376   0x00000020   Code   RO         3159    .text               mc_w.l(llushr.o)
    0x08000396   0x08000396   0x00000000   Code   RO         3170    .text               mc_w.l(iusefp.o)
    0x08000396   0x08000396   0x000000ba   Code   RO         3173    .text               mf_w.l(depilogue.o)
    0x08000450   0x08000450   0x0000002e   Code   RO         3175    .text               mf_w.l(dscalb.o)
    0x0800047e   0x0800047e   0x00000002   PAD
    0x08000480   0x08000480   0x00000030   Code   RO         3177    .text               mf_w.l(cdcmple.o)
    0x080004b0   0x080004b0   0x00000024   Code   RO         3179    .text               mc_w.l(init.o)
    0x080004d4   0x080004d4   0x00000002   Code   RO          343    .text.BusFault_Handler  stm32wlxx_it.o
    0x080004d6   0x080004d6   0x00000114   Code   RO         2363    .text.CRYP_AESCCM_Process  stm32wlxx_hal_cryp.o
    0x080005ea   0x080005ea   0x00000114   Code   RO         2361    .text.CRYP_AESGCM_Process  stm32wlxx_hal_cryp.o
    0x080006fe   0x080006fe   0x00000074   Code   RO         2393    .text.CRYP_AES_ProcessData  stm32wlxx_hal_cryp.o
    0x08000772   0x08000772   0x00000002   PAD
    0x08000774   0x08000774   0x00000108   Code   RO         2407    .text.CRYP_GCMCCM_SetHeaderPhase  stm32wlxx_hal_cryp.o
    0x0800087c   0x0800087c   0x00000042   Code   RO         2373    .text.CRYP_SetKey   stm32wlxx_hal_cryp.o
    0x080008be   0x080008be   0x00000030   Code   RO         2395    .text.CRYP_WaitOnCCFlag  stm32wlxx_hal_cryp.o
    0x080008ee   0x080008ee   0x00000002   PAD
    0x080008f0   0x080008f0   0x00000048   Code   RO          415    .text.DBG_Init      sys_debug.o
    0x08000938   0x08000938   0x0000000c   Code   RO          357    .text.DMA1_Channel5_IRQHandler  stm32wlxx_it.o
    0x08000944   0x08000944   0x0000004c   Code   RO          972    .text.DMA_CalcDMAMUXChannelBaseAndMask  stm32wlxx_hal_dma.o
    0x08000990   0x08000990   0x00000028   Code   RO          974    .text.DMA_CalcDMAMUXRequestGenBaseAndMask  stm32wlxx_hal_dma.o
    0x080009b8   0x080009b8   0x0000003a   Code   RO          980    .text.DMA_SetConfig  stm32wlxx_hal_dma.o
    0x080009f2   0x080009f2   0x00000002   Code   RO          349    .text.DebugMon_Handler  stm32wlxx_it.o
    0x080009f4   0x080009f4   0x00000002   Code   RO          193    .text.Error_Handler  main.o
    0x080009f6   0x080009f6   0x00000002   PAD
    0x080009f8   0x080009f8   0x00000030   Code   RO         1060    .text.FLASH_Program_Fast  stm32wlxx_hal_flash.o
    0x08000a28   0x08000a28   0x0000005c   Code   RO         1058    .text.FLASH_WaitForLastOperation  stm32wlxx_hal_flash.o
    0x08000a84   0x08000a84   0x0000011c   Code   RO         2365    .text.HAL_CRYP_Decrypt  stm32wlxx_hal_cryp.o
    0x08000ba0   0x08000ba0   0x000000b0   Code   RO         2359    .text.HAL_CRYP_Encrypt  stm32wlxx_hal_cryp.o
    0x08000c50   0x08000c50   0x00000002   Code   RO         2391    .text.HAL_CRYP_ErrorCallback  stm32wlxx_hal_cryp.o
    0x08000c52   0x08000c52   0x00000002   PAD
    0x08000c54   0x08000c54   0x00000040   Code   RO         2333    .text.HAL_CRYP_Init  stm32wlxx_hal_cryp.o
    0x08000c94   0x08000c94   0x0000002c   Code   RO           68    .text.HAL_CRYP_MspInit  subghz_phy_app.o
    0x08000cc0   0x08000cc0   0x00000008   Code   RO          768    .text.HAL_DBGMCU_DisableDBGSleepMode  stm32wlxx_hal.o
    0x08000cc8   0x08000cc8   0x0000000c   Code   RO          776    .text.HAL_DBGMCU_DisableDBGStandbyMode  stm32wlxx_hal.o
    0x08000cd4   0x08000cd4   0x0000000c   Code   RO          772    .text.HAL_DBGMCU_DisableDBGStopMode  stm32wlxx_hal.o
    0x08000ce0   0x08000ce0   0x0000006a   Code   RO          984    .text.HAL_DMA_Abort  stm32wlxx_hal_dma.o
    0x08000d4a   0x08000d4a   0x00000066   Code   RO          986    .text.HAL_DMA_Abort_IT  stm32wlxx_hal_dma.o
    0x08000db0   0x08000db0   0x00000020   Code   RO         1000    .text.HAL_DMA_ConfigChannelAttributes  stm32wlxx_hal_dma.o
    0x08000dd0   0x08000dd0   0x000000a4   Code   RO          976    .text.HAL_DMA_DeInit  stm32wlxx_hal_dma.o
    0x08000e74   0x08000e74   0x0000009c   Code   RO          990    .text.HAL_DMA_IRQHandler  stm32wlxx_hal_dma.o
    0x08000f10   0x08000f10   0x000000bc   Code   RO          970    .text.HAL_DMA_Init  stm32wlxx_hal_dma.o
    0x08000fcc   0x08000fcc   0x00000080   Code   RO          982    .text.HAL_DMA_Start_IT  stm32wlxx_hal_dma.o
    0x0800104c   0x0800104c   0x0000000c   Code   RO          401    .text.HAL_Delay     sys_app.o
    0x08001058   0x08001058   0x000000ac   Code   RO         1093    .text.HAL_FLASHEx_Erase  stm32wlxx_hal_flash_ex.o
    0x08001104   0x08001104   0x00000008   Code   RO         1080    .text.HAL_FLASH_GetError  stm32wlxx_hal_flash.o
    0x0800110c   0x0800110c   0x00000014   Code   RO         1072    .text.HAL_FLASH_Lock  stm32wlxx_hal_flash.o
    0x08001120   0x08001120   0x0000006c   Code   RO         1056    .text.HAL_FLASH_Program  stm32wlxx_hal_flash.o
    0x0800118c   0x0800118c   0x00000028   Code   RO         1070    .text.HAL_FLASH_Unlock  stm32wlxx_hal_flash.o
    0x080011b4   0x080011b4   0x000000ec   Code   RO         1135    .text.HAL_GPIO_DeInit  stm32wlxx_hal_gpio.o
    0x080012a0   0x080012a0   0x00000170   Code   RO         1133    .text.HAL_GPIO_Init  stm32wlxx_hal_gpio.o
    0x08001410   0x08001410   0x00000010   Code   RO         1141    .text.HAL_GPIO_TogglePin  stm32wlxx_hal_gpio.o
    0x08001420   0x08001420   0x0000000c   Code   RO         1139    .text.HAL_GPIO_WritePin  stm32wlxx_hal_gpio.o
    0x0800142c   0x0800142c   0x00000004   Code   RO          399    .text.HAL_GetTick   sys_app.o
    0x08001430   0x08001430   0x0000000c   Code   RO          760    .text.HAL_GetUIDw0  stm32wlxx_hal.o
    0x0800143c   0x0800143c   0x0000000c   Code   RO          762    .text.HAL_GetUIDw1  stm32wlxx_hal.o
    0x08001448   0x08001448   0x00000040   Code   RO         2313    .text.HAL_I2CEx_ConfigAnalogFilter  stm32wlxx_hal_i2c_ex.o
    0x08001488   0x08001488   0x0000003e   Code   RO         2315    .text.HAL_I2CEx_ConfigDigitalFilter  stm32wlxx_hal_i2c_ex.o
    0x080014c6   0x080014c6   0x00000002   PAD
    0x080014c8   0x080014c8   0x00000094   Code   RO         1977    .text.HAL_I2C_Init  stm32wlxx_hal_i2c.o
    0x0800155c   0x0800155c   0x000000d4   Code   RO         2043    .text.HAL_I2C_Mem_Read  stm32wlxx_hal_i2c.o
    0x08001630   0x08001630   0x00000088   Code   RO          489    .text.HAL_I2C_MspInit  max44009_sensor.o
    0x080016b8   0x080016b8   0x00000018   Code   RO          738    .text.HAL_IncTick   stm32wlxx_hal.o
    0x080016d0   0x080016d0   0x00000024   Code   RO          728    .text.HAL_Init      stm32wlxx_hal.o
    0x080016f4   0x080016f4   0x00000004   Code   RO          397    .text.HAL_InitTick  sys_app.o
    0x080016f8   0x080016f8   0x00000002   Code   RO          329    .text.HAL_MspInit   stm32wlxx_hal_msp.o
    0x080016fa   0x080016fa   0x00000002   PAD
    0x080016fc   0x080016fc   0x00000024   Code   RO          928    .text.HAL_NVIC_DisableIRQ  stm32wlxx_hal_cortex.o
    0x08001720   0x08001720   0x0000001c   Code   RO          926    .text.HAL_NVIC_EnableIRQ  stm32wlxx_hal_cortex.o
    0x0800173c   0x0800173c   0x0000004c   Code   RO          924    .text.HAL_NVIC_SetPriority  stm32wlxx_hal_cortex.o
    0x08001788   0x08001788   0x00000020   Code   RO          922    .text.HAL_NVIC_SetPriorityGrouping  stm32wlxx_hal_cortex.o
    0x080017a8   0x080017a8   0x0000003c   Code   RO         1265    .text.HAL_PWREx_DisableLowPowerRunMode  stm32wlxx_hal_pwr_ex.o
    0x080017e4   0x080017e4   0x00000008   Code   RO         1263    .text.HAL_PWREx_EnableLowPowerRunMode  stm32wlxx_hal_pwr_ex.o
    0x080017ec   0x080017ec   0x00000028   Code   RO         1271    .text.HAL_PWREx_EnterSTOP2Mode  stm32wlxx_hal_pwr_ex.o
    0x08001814   0x08001814   0x0000000c   Code   RO         1197    .text.HAL_PWREx_GetVoltageRange  stm32wlxx_hal_pwr_ex.o
    0x08001820   0x08001820   0x00000010   Code   RO         1159    .text.HAL_PWR_EnableBkUpAccess  stm32wlxx_hal_pwr.o
    0x08001830   0x08001830   0x00000044   Code   RO         1173    .text.HAL_PWR_EnterSLEEPMode  stm32wlxx_hal_pwr.o
    0x08001874   0x08001874   0x0000015c   Code   RO         1356    .text.HAL_RCCEx_PeriphCLKConfig  stm32wlxx_hal_rcc_ex.o
    0x080019d0   0x080019d0   0x000001e4   Code   RO         1307    .text.HAL_RCC_ClockConfig  stm32wlxx_hal_rcc.o
    0x08001bb4   0x08001bb4   0x00000020   Code   RO         1305    .text.HAL_RCC_GetHCLKFreq  stm32wlxx_hal_rcc.o
    0x08001bd4   0x08001bd4   0x00000018   Code   RO         1317    .text.HAL_RCC_GetPCLK1Freq  stm32wlxx_hal_rcc.o
    0x08001bec   0x08001bec   0x00000020   Code   RO         1319    .text.HAL_RCC_GetPCLK2Freq  stm32wlxx_hal_rcc.o
    0x08001c0c   0x08001c0c   0x000000e8   Code   RO         1311    .text.HAL_RCC_GetSysClockFreq  stm32wlxx_hal_rcc.o
    0x08001cf4   0x08001cf4   0x00000544   Code   RO         1301    .text.HAL_RCC_OscConfig  stm32wlxx_hal_rcc.o
    0x08002238   0x08002238   0x00000002   Code   RO         2578    .text.HAL_RNG_ErrorCallback  stm32wlxx_hal_rng.o
    0x0800223a   0x0800223a   0x00000092   Code   RO         2570    .text.HAL_RNG_GenerateRandomNumber  stm32wlxx_hal_rng.o
    0x080022cc   0x080022cc   0x000000d0   Code   RO         2562    .text.HAL_RNG_Init  stm32wlxx_hal_rng.o
    0x0800239c   0x0800239c   0x00000050   Code   RO          548    .text.HAL_RNG_MspInit  rd_flash.o
    0x080023ec   0x080023ec   0x00000002   Code   RO         1550    .text.HAL_RTCEx_AlarmBEventCallback  stm32wlxx_hal_rtc_ex.o
    0x080023ee   0x080023ee   0x00000002   PAD
    0x080023f0   0x080023f0   0x00000008   Code   RO         1588    .text.HAL_RTCEx_BKUPRead  stm32wlxx_hal_rtc_ex.o
    0x080023f8   0x080023f8   0x0000000c   Code   RO         1586    .text.HAL_RTCEx_BKUPWrite  stm32wlxx_hal_rtc_ex.o
    0x08002404   0x08002404   0x00000024   Code   RO         1534    .text.HAL_RTCEx_EnableBypassShadow  stm32wlxx_hal_rtc_ex.o
    0x08002428   0x08002428   0x00000010   Code   RO          290    .text.HAL_RTCEx_SSRUEventCallback  timer_if.o
    0x08002438   0x08002438   0x0000001c   Code   RO         1546    .text.HAL_RTCEx_SSRUIRQHandler  stm32wlxx_hal_rtc_ex.o
    0x08002454   0x08002454   0x00000034   Code   RO         1542    .text.HAL_RTCEx_SetSSRU_IT  stm32wlxx_hal_rtc_ex.o
    0x08002488   0x08002488   0x00000004   Code   RO          288    .text.HAL_RTC_AlarmAEventCallback  timer_if.o
    0x0800248c   0x0800248c   0x00000034   Code   RO         1446    .text.HAL_RTC_AlarmIRQHandler  stm32wlxx_hal_rtc.o
    0x080024c0   0x080024c0   0x00000060   Code   RO         1442    .text.HAL_RTC_DeactivateAlarm  stm32wlxx_hal_rtc.o
    0x08002520   0x08002520   0x0000008c   Code   RO         1404    .text.HAL_RTC_Init  stm32wlxx_hal_rtc.o
    0x080025ac   0x080025ac   0x00000078   Code   RO          241    .text.HAL_RTC_MspInit  rtc.o
    0x08002624   0x08002624   0x000000b8   Code   RO         1440    .text.HAL_RTC_SetAlarm_IT  stm32wlxx_hal_rtc.o
    0x080026dc   0x080026dc   0x00000034   Code   RO         1452    .text.HAL_RTC_WaitForSynchro  stm32wlxx_hal_rtc.o
    0x08002710   0x08002710   0x0000000c   Code   RO          752    .text.HAL_ResumeTick  stm32wlxx_hal.o
    0x0800271c   0x0800271c   0x0000001c   Code   RO         2833    .text.HAL_SUBGHZ_CADStatusCallback  radio_driver.o
    0x08002738   0x08002738   0x00000008   Code   RO         2831    .text.HAL_SUBGHZ_CRCErrorCallback  radio_driver.o
    0x08002740   0x08002740   0x00000054   Code   RO         1650    .text.HAL_SUBGHZ_ExecGetCmd  stm32wlxx_hal_subghz.o
    0x08002794   0x08002794   0x00000074   Code   RO         1648    .text.HAL_SUBGHZ_ExecSetCmd  stm32wlxx_hal_subghz.o
    0x08002808   0x08002808   0x00000008   Code   RO         2837    .text.HAL_SUBGHZ_HeaderErrorCallback  radio_driver.o
    0x08002810   0x08002810   0x00000008   Code   RO         2843    .text.HAL_SUBGHZ_HeaderValidCallback  radio_driver.o
    0x08002818   0x08002818   0x0000008e   Code   RO         1656    .text.HAL_SUBGHZ_IRQHandler  stm32wlxx_hal_subghz.o
    0x080028a6   0x080028a6   0x00000002   PAD
    0x080028a8   0x080028a8   0x000000a0   Code   RO         1620    .text.HAL_SUBGHZ_Init  stm32wlxx_hal_subghz.o
    0x08002948   0x08002948   0x00000030   Code   RO          374    .text.HAL_SUBGHZ_MspInit  subghz.o
    0x08002978   0x08002978   0x00000008   Code   RO         2839    .text.HAL_SUBGHZ_PreambleDetectedCallback  radio_driver.o
    0x08002980   0x08002980   0x00000054   Code   RO         1654    .text.HAL_SUBGHZ_ReadBuffer  stm32wlxx_hal_subghz.o
    0x080029d4   0x080029d4   0x0000005c   Code   RO         1640    .text.HAL_SUBGHZ_ReadRegisters  stm32wlxx_hal_subghz.o
    0x08002a30   0x08002a30   0x00000008   Code   RO         2829    .text.HAL_SUBGHZ_RxCpltCallback  radio_driver.o
    0x08002a38   0x08002a38   0x0000000c   Code   RO         2835    .text.HAL_SUBGHZ_RxTxTimeoutCallback  radio_driver.o
    0x08002a44   0x08002a44   0x00000008   Code   RO         2841    .text.HAL_SUBGHZ_SyncWordValidCallback  radio_driver.o
    0x08002a4c   0x08002a4c   0x0000000c   Code   RO         2827    .text.HAL_SUBGHZ_TxCpltCallback  radio_driver.o
    0x08002a58   0x08002a58   0x00000054   Code   RO         1652    .text.HAL_SUBGHZ_WriteBuffer  stm32wlxx_hal_subghz.o
    0x08002aac   0x08002aac   0x0000006c   Code   RO         1632    .text.HAL_SUBGHZ_WriteRegisters  stm32wlxx_hal_subghz.o
    0x08002b18   0x08002b18   0x0000000c   Code   RO          750    .text.HAL_SuspendTick  stm32wlxx_hal.o
    0x08002b24   0x08002b24   0x00000044   Code   RO         1942    .text.HAL_UARTEx_EnableFifoMode  stm32wlxx_hal_uart_ex.o
    0x08002b68   0x08002b68   0x00000020   Code   RO         1938    .text.HAL_UARTEx_EnableStopMode  stm32wlxx_hal_uart_ex.o
    0x08002b88   0x08002b88   0x00000002   Code   RO         1800    .text.HAL_UARTEx_RxEventCallback  stm32wlxx_hal_uart.o
    0x08002b8a   0x08002b8a   0x00000002   Code   RO         1930    .text.HAL_UARTEx_RxFifoFullCallback  stm32wlxx_hal_uart_ex.o
    0x08002b8c   0x08002b8c   0x0000001c   Code   RO         1950    .text.HAL_UARTEx_SetRxFifoThreshold  stm32wlxx_hal_uart_ex.o
    0x08002ba8   0x08002ba8   0x0000001c   Code   RO         1948    .text.HAL_UARTEx_SetTxFifoThreshold  stm32wlxx_hal_uart_ex.o
    0x08002bc4   0x08002bc4   0x0000007c   Code   RO         1936    .text.HAL_UARTEx_StopModeWakeUpSourceConfig  stm32wlxx_hal_uart_ex.o
    0x08002c40   0x08002c40   0x00000002   Code   RO         1932    .text.HAL_UARTEx_TxFifoEmptyCallback  stm32wlxx_hal_uart_ex.o
    0x08002c42   0x08002c42   0x00000002   Code   RO         1928    .text.HAL_UARTEx_WakeupCallback  stm32wlxx_hal_uart_ex.o
    0x08002c44   0x08002c44   0x00000002   Code   RO         1798    .text.HAL_UART_ErrorCallback  stm32wlxx_hal_uart.o
    0x08002c46   0x08002c46   0x00000002   PAD
    0x08002c48   0x08002c48   0x00000254   Code   RO         1794    .text.HAL_UART_IRQHandler  stm32wlxx_hal_uart.o
    0x08002e9c   0x08002e9c   0x0000003a   Code   RO         1706    .text.HAL_UART_Init  stm32wlxx_hal_uart.o
    0x08002ed6   0x08002ed6   0x00000002   PAD
    0x08002ed8   0x08002ed8   0x00000038   Code   RO          427    .text.HAL_UART_MspDeInit  usart.o
    0x08002f10   0x08002f10   0x000000d4   Code   RO          425    .text.HAL_UART_MspInit  usart.o
    0x08002fe4   0x08002fe4   0x00000030   Code   RO         1742    .text.HAL_UART_Receive_IT  stm32wlxx_hal_uart.o
    0x08003014   0x08003014   0x0000002c   Code   RO          453    .text.HAL_UART_RxCpltCallback  usart_if.o
    0x08003040   0x08003040   0x00000084   Code   RO         1746    .text.HAL_UART_Transmit_DMA  stm32wlxx_hal_uart.o
    0x080030c4   0x080030c4   0x0000000c   Code   RO          451    .text.HAL_UART_TxCpltCallback  usart_if.o
    0x080030d0   0x080030d0   0x00000002   Code   RO         1804    .text.HAL_UART_TxHalfCpltCallback  stm32wlxx_hal_uart.o
    0x080030d2   0x080030d2   0x00000002   Code   RO          339    .text.HardFault_Handler  stm32wlxx_it.o
    0x080030d4   0x080030d4   0x0000001c   Code   RO         2117    .text.I2C_Flush_TXDR  stm32wlxx_hal_i2c.o
    0x080030f0   0x080030f0   0x0000005c   Code   RO         2133    .text.I2C_IsAcknowledgeFailed  stm32wlxx_hal_i2c.o
    0x0800314c   0x0800314c   0x00000048   Code   RO         2045    .text.I2C_RequestMemoryRead  stm32wlxx_hal_i2c.o
    0x08003194   0x08003194   0x00000028   Code   RO         1989    .text.I2C_TransferConfig  stm32wlxx_hal_i2c.o
    0x080031bc   0x080031bc   0x00000062   Code   RO         1987    .text.I2C_WaitOnFlagUntilTimeout  stm32wlxx_hal_i2c.o
    0x0800321e   0x0800321e   0x00000036   Code   RO         1993    .text.I2C_WaitOnSTOPFlagUntilTimeout  stm32wlxx_hal_i2c.o
    0x08003254   0x08003254   0x0000003c   Code   RO         1991    .text.I2C_WaitOnTXISFlagUntilTimeout  stm32wlxx_hal_i2c.o
    0x08003290   0x08003290   0x0000001c   Code   RO          179    .text.LL_AHB1_GRP1_EnableClock  dma.o
    0x080032ac   0x080032ac   0x00000018   Code   RO           78    .text.LL_AHB2_GRP1_EnableClock  subghz_phy_app.o
    0x080032c4   0x080032c4   0x00000018   Code   RO          133    .text.LL_AHB2_GRP1_EnableClock  board_resources.o
    0x080032dc   0x080032dc   0x00000018   Code   RO          405    .text.LL_AHB2_GRP1_EnableClock  sys_app.o
    0x080032f4   0x080032f4   0x00000020   Code   RO          614    .text.LL_AHB2_GRP1_EnableClock  radio_board_if.o
    0x08003314   0x08003314   0x00000020   Code   RO         1358    .text.LL_RCC_SetI2CClockSource  stm32wlxx_hal_rcc_ex.o
    0x08003334   0x08003334   0x00000022   Code   RO          177    .text.MX_DMA_Init   dma.o
    0x08003356   0x08003356   0x00000002   PAD
    0x08003358   0x08003358   0x00000074   Code   RO          239    .text.MX_RTC_Init   rtc.o
    0x080033cc   0x080033cc   0x0000001c   Code   RO          372    .text.MX_SUBGHZ_Init  subghz.o
    0x080033e8   0x080033e8   0x0000000e   Code   RO            3    .text.MX_SubGHz_Phy_Init  app_subghz_phy.o
    0x080033f6   0x080033f6   0x00000008   Code   RO            5    .text.MX_SubGHz_Phy_Process  app_subghz_phy.o
    0x080033fe   0x080033fe   0x00000002   PAD
    0x08003400   0x08003400   0x00000068   Code   RO          423    .text.MX_USART2_UART_Init  usart.o
    0x08003468   0x08003468   0x00000008   Code   RO          483    .text.Max44009_calculate_data  max44009_sensor.o
    0x08003470   0x08003470   0x00000002   Code   RO          341    .text.MemManage_Handler  stm32wlxx_it.o
    0x08003472   0x08003472   0x00000002   Code   RO          337    .text.NMI_Handler   stm32wlxx_it.o
    0x08003474   0x08003474   0x0000000a   Code   RO           94    .text.OUTLINED_FUNCTION_0  subghz_phy_app.o
    0x0800347e   0x0800347e   0x00000010   Code   RO          294    .text.OUTLINED_FUNCTION_0  timer_if.o
    0x0800348e   0x0800348e   0x0000000c   Code   RO          493    .text.OUTLINED_FUNCTION_0  max44009_sensor.o
    0x0800349a   0x0800349a   0x0000000c   Code   RO          568    .text.OUTLINED_FUNCTION_0  rd_flash.o
    0x080034a6   0x080034a6   0x00000008   Code   RO          628    .text.OUTLINED_FUNCTION_0  radio_board_if.o
    0x080034ae   0x080034ae   0x0000000a   Code   RO          798    .text.OUTLINED_FUNCTION_0  stm32wlxx_hal.o
    0x080034b8   0x080034b8   0x00000008   Code   RO         1082    .text.OUTLINED_FUNCTION_0  stm32wlxx_hal_flash.o
    0x080034c0   0x080034c0   0x00000008   Code   RO         1123    .text.OUTLINED_FUNCTION_0  stm32wlxx_hal_flash_ex.o
    0x080034c8   0x080034c8   0x0000000a   Code   RO         1279    .text.OUTLINED_FUNCTION_0  stm32wlxx_hal_pwr_ex.o
    0x080034d2   0x080034d2   0x00000028   Code   RO         1331    .text.OUTLINED_FUNCTION_0  stm32wlxx_hal_rcc.o
    0x080034fa   0x080034fa   0x00000014   Code   RO         1386    .text.OUTLINED_FUNCTION_0  stm32wlxx_hal_rcc_ex.o
    0x0800350e   0x0800350e   0x0000000c   Code   RO         1456    .text.OUTLINED_FUNCTION_0  stm32wlxx_hal_rtc.o
    0x0800351a   0x0800351a   0x00000010   Code   RO         1590    .text.OUTLINED_FUNCTION_0  stm32wlxx_hal_rtc_ex.o
    0x0800352a   0x0800352a   0x0000000e   Code   RO         1680    .text.OUTLINED_FUNCTION_0  stm32wlxx_hal_subghz.o
    0x08003538   0x08003538   0x00000016   Code   RO         1844    .text.OUTLINED_FUNCTION_0  stm32wlxx_hal_uart.o
    0x0800354e   0x0800354e   0x0000001c   Code   RO         1958    .text.OUTLINED_FUNCTION_0  stm32wlxx_hal_uart_ex.o
    0x0800356a   0x0800356a   0x00000016   Code   RO         2413    .text.OUTLINED_FUNCTION_0  stm32wlxx_hal_cryp.o
    0x08003580   0x08003580   0x0000000c   Code   RO         2588    .text.OUTLINED_FUNCTION_0  stm32wlxx_hal_rng.o
    0x0800358c   0x0800358c   0x00000010   Code   RO         2684    .text.OUTLINED_FUNCTION_0  radio.o
    0x0800359c   0x0800359c   0x00000006   Code   RO         2845    .text.OUTLINED_FUNCTION_0  radio_driver.o
    0x080035a2   0x080035a2   0x00000012   Code   RO         2906    .text.OUTLINED_FUNCTION_0  stm32_adv_trace.o
    0x080035b4   0x080035b4   0x0000000c   Code   RO           96    .text.OUTLINED_FUNCTION_1  subghz_phy_app.o
    0x080035c0   0x080035c0   0x0000000a   Code   RO          296    .text.OUTLINED_FUNCTION_1  timer_if.o
    0x080035ca   0x080035ca   0x0000000a   Code   RO          570    .text.OUTLINED_FUNCTION_1  rd_flash.o
    0x080035d4   0x080035d4   0x0000000a   Code   RO          800    .text.OUTLINED_FUNCTION_1  stm32wlxx_hal.o
    0x080035de   0x080035de   0x00000006   Code   RO         1333    .text.OUTLINED_FUNCTION_1  stm32wlxx_hal_rcc.o
    0x080035e4   0x080035e4   0x00000018   Code   RO         1458    .text.OUTLINED_FUNCTION_1  stm32wlxx_hal_rtc.o
    0x080035fc   0x080035fc   0x00000010   Code   RO         1682    .text.OUTLINED_FUNCTION_1  stm32wlxx_hal_subghz.o
    0x0800360c   0x0800360c   0x00000012   Code   RO         1846    .text.OUTLINED_FUNCTION_1  stm32wlxx_hal_uart.o
    0x0800361e   0x0800361e   0x00000012   Code   RO         1960    .text.OUTLINED_FUNCTION_1  stm32wlxx_hal_uart_ex.o
    0x08003630   0x08003630   0x00000008   Code   RO         2686    .text.OUTLINED_FUNCTION_1  radio.o
    0x08003638   0x08003638   0x0000000e   Code   RO         2847    .text.OUTLINED_FUNCTION_1  radio_driver.o
    0x08003646   0x08003646   0x00000006   Code   RO         1476    .text.OUTLINED_FUNCTION_10  stm32wlxx_hal_rtc.o
    0x0800364c   0x0800364c   0x0000000c   Code   RO         1610    .text.OUTLINED_FUNCTION_10  stm32wlxx_hal_rtc_ex.o
    0x08003658   0x08003658   0x0000000a   Code   RO         1478    .text.OUTLINED_FUNCTION_11  stm32wlxx_hal_rtc.o
    0x08003662   0x08003662   0x0000000e   Code   RO         1866    .text.OUTLINED_FUNCTION_11  stm32wlxx_hal_uart.o
    0x08003670   0x08003670   0x0000001a   Code   RO         2435    .text.OUTLINED_FUNCTION_11  stm32wlxx_hal_cryp.o
    0x0800368a   0x0800368a   0x00000020   Code   RO         2159    .text.OUTLINED_FUNCTION_12  stm32wlxx_hal_i2c.o
    0x080036aa   0x080036aa   0x00000016   Code   RO         1870    .text.OUTLINED_FUNCTION_13  stm32wlxx_hal_uart.o
    0x080036c0   0x080036c0   0x0000000a   Code   RO         2439    .text.OUTLINED_FUNCTION_13  stm32wlxx_hal_cryp.o
    0x080036ca   0x080036ca   0x00000012   Code   RO         1874    .text.OUTLINED_FUNCTION_15  stm32wlxx_hal_uart.o
    0x080036dc   0x080036dc   0x00000012   Code   RO         1876    .text.OUTLINED_FUNCTION_16  stm32wlxx_hal_uart.o
    0x080036ee   0x080036ee   0x0000001c   Code   RO         2445    .text.OUTLINED_FUNCTION_16  stm32wlxx_hal_cryp.o
    0x0800370a   0x0800370a   0x00000012   Code   RO         1878    .text.OUTLINED_FUNCTION_17  stm32wlxx_hal_uart.o
    0x0800371c   0x0800371c   0x00000008   Code   RO         2447    .text.OUTLINED_FUNCTION_17  stm32wlxx_hal_cryp.o
    0x08003724   0x08003724   0x00000008   Code   RO         2171    .text.OUTLINED_FUNCTION_18  stm32wlxx_hal_i2c.o
    0x0800372c   0x0800372c   0x0000000e   Code   RO         2449    .text.OUTLINED_FUNCTION_18  stm32wlxx_hal_cryp.o
    0x0800373a   0x0800373a   0x0000001a   Code   RO         2451    .text.OUTLINED_FUNCTION_19  stm32wlxx_hal_cryp.o
    0x08003754   0x08003754   0x0000000e   Code   RO           98    .text.OUTLINED_FUNCTION_2  subghz_phy_app.o
    0x08003762   0x08003762   0x0000000a   Code   RO          572    .text.OUTLINED_FUNCTION_2  rd_flash.o
    0x0800376c   0x0800376c   0x0000000a   Code   RO          802    .text.OUTLINED_FUNCTION_2  stm32wlxx_hal.o
    0x08003776   0x08003776   0x0000000c   Code   RO         1335    .text.OUTLINED_FUNCTION_2  stm32wlxx_hal_rcc.o
    0x08003782   0x08003782   0x00000014   Code   RO         1460    .text.OUTLINED_FUNCTION_2  stm32wlxx_hal_rtc.o
    0x08003796   0x08003796   0x00000012   Code   RO         1684    .text.OUTLINED_FUNCTION_2  stm32wlxx_hal_subghz.o
    0x080037a8   0x080037a8   0x00000024   Code   RO         1848    .text.OUTLINED_FUNCTION_2  stm32wlxx_hal_uart.o
    0x080037cc   0x080037cc   0x00000012   Code   RO         2139    .text.OUTLINED_FUNCTION_2  stm32wlxx_hal_i2c.o
    0x080037de   0x080037de   0x00000034   Code   RO         2417    .text.OUTLINED_FUNCTION_2  stm32wlxx_hal_cryp.o
    0x08003812   0x08003812   0x00000006   Code   RO         2688    .text.OUTLINED_FUNCTION_2  radio.o
    0x08003818   0x08003818   0x00000012   Code   RO         1884    .text.OUTLINED_FUNCTION_20  stm32wlxx_hal_uart.o
    0x0800382a   0x0800382a   0x0000000e   Code   RO         1886    .text.OUTLINED_FUNCTION_21  stm32wlxx_hal_uart.o
    0x08003838   0x08003838   0x0000000a   Code   RO         2455    .text.OUTLINED_FUNCTION_21  stm32wlxx_hal_cryp.o
    0x08003842   0x08003842   0x0000000c   Code   RO         1888    .text.OUTLINED_FUNCTION_22  stm32wlxx_hal_uart.o
    0x0800384e   0x0800384e   0x0000000e   Code   RO         2181    .text.OUTLINED_FUNCTION_23  stm32wlxx_hal_i2c.o
    0x0800385c   0x0800385c   0x00000012   Code   RO         2459    .text.OUTLINED_FUNCTION_23  stm32wlxx_hal_cryp.o
    0x0800386e   0x0800386e   0x00000010   Code   RO         1892    .text.OUTLINED_FUNCTION_24  stm32wlxx_hal_uart.o
    0x0800387e   0x0800387e   0x00000008   Code   RO         1896    .text.OUTLINED_FUNCTION_26  stm32wlxx_hal_uart.o
    0x08003886   0x08003886   0x0000000e   Code   RO         2187    .text.OUTLINED_FUNCTION_26  stm32wlxx_hal_i2c.o
    0x08003894   0x08003894   0x0000001a   Code   RO         2465    .text.OUTLINED_FUNCTION_26  stm32wlxx_hal_cryp.o
    0x080038ae   0x080038ae   0x0000000e   Code   RO         1898    .text.OUTLINED_FUNCTION_27  stm32wlxx_hal_uart.o
    0x080038bc   0x080038bc   0x0000000e   Code   RO         2189    .text.OUTLINED_FUNCTION_27  stm32wlxx_hal_i2c.o
    0x080038ca   0x080038ca   0x0000000e   Code   RO         2467    .text.OUTLINED_FUNCTION_27  stm32wlxx_hal_cryp.o
    0x080038d8   0x080038d8   0x0000000e   Code   RO         2469    .text.OUTLINED_FUNCTION_28  stm32wlxx_hal_cryp.o
    0x080038e6   0x080038e6   0x00000014   Code   RO         2471    .text.OUTLINED_FUNCTION_29  stm32wlxx_hal_cryp.o
    0x080038fa   0x080038fa   0x00000010   Code   RO         1337    .text.OUTLINED_FUNCTION_3  stm32wlxx_hal_rcc.o
    0x0800390a   0x0800390a   0x0000000e   Code   RO         1686    .text.OUTLINED_FUNCTION_3  stm32wlxx_hal_subghz.o
    0x08003918   0x08003918   0x00000020   Code   RO         1850    .text.OUTLINED_FUNCTION_3  stm32wlxx_hal_uart.o
    0x08003938   0x08003938   0x0000000a   Code   RO         1964    .text.OUTLINED_FUNCTION_3  stm32wlxx_hal_uart_ex.o
    0x08003942   0x08003942   0x00000034   Code   RO         2419    .text.OUTLINED_FUNCTION_3  stm32wlxx_hal_cryp.o
    0x08003976   0x08003976   0x0000000c   Code   RO         2690    .text.OUTLINED_FUNCTION_3  radio.o
    0x08003982   0x08003982   0x0000000a   Code   RO         1904    .text.OUTLINED_FUNCTION_30  stm32wlxx_hal_uart.o
    0x0800398c   0x0800398c   0x00000008   Code   RO         2473    .text.OUTLINED_FUNCTION_30  stm32wlxx_hal_cryp.o
    0x08003994   0x08003994   0x0000000e   Code   RO         1908    .text.OUTLINED_FUNCTION_32  stm32wlxx_hal_uart.o
    0x080039a2   0x080039a2   0x0000000e   Code   RO         1910    .text.OUTLINED_FUNCTION_33  stm32wlxx_hal_uart.o
    0x080039b0   0x080039b0   0x00000010   Code   RO         2201    .text.OUTLINED_FUNCTION_33  stm32wlxx_hal_i2c.o
    0x080039c0   0x080039c0   0x00000006   Code   RO         1912    .text.OUTLINED_FUNCTION_34  stm32wlxx_hal_uart.o
    0x080039c6   0x080039c6   0x00000006   Code   RO         1914    .text.OUTLINED_FUNCTION_35  stm32wlxx_hal_uart.o
    0x080039cc   0x080039cc   0x00000006   Code   RO         2213    .text.OUTLINED_FUNCTION_39  stm32wlxx_hal_i2c.o
    0x080039d2   0x080039d2   0x00000010   Code   RO         2491    .text.OUTLINED_FUNCTION_39  stm32wlxx_hal_cryp.o
    0x080039e2   0x080039e2   0x00000008   Code   RO         1339    .text.OUTLINED_FUNCTION_4  stm32wlxx_hal_rcc.o
    0x080039ea   0x080039ea   0x0000000e   Code   RO         1394    .text.OUTLINED_FUNCTION_4  stm32wlxx_hal_rcc_ex.o
    0x080039f8   0x080039f8   0x00000012   Code   RO         1464    .text.OUTLINED_FUNCTION_4  stm32wlxx_hal_rtc.o
    0x08003a0a   0x08003a0a   0x00000012   Code   RO         1688    .text.OUTLINED_FUNCTION_4  stm32wlxx_hal_subghz.o
    0x08003a1c   0x08003a1c   0x0000000c   Code   RO         1852    .text.OUTLINED_FUNCTION_4  stm32wlxx_hal_uart.o
    0x08003a28   0x08003a28   0x0000000a   Code   RO         1966    .text.OUTLINED_FUNCTION_4  stm32wlxx_hal_uart_ex.o
    0x08003a32   0x08003a32   0x00000008   Code   RO         2143    .text.OUTLINED_FUNCTION_4  stm32wlxx_hal_i2c.o
    0x08003a3a   0x08003a3a   0x00000042   Code   RO         2421    .text.OUTLINED_FUNCTION_4  stm32wlxx_hal_cryp.o
    0x08003a7c   0x08003a7c   0x00000008   Code   RO         2692    .text.OUTLINED_FUNCTION_4  radio.o
    0x08003a84   0x08003a84   0x0000000a   Code   RO         2215    .text.OUTLINED_FUNCTION_40  stm32wlxx_hal_i2c.o
    0x08003a8e   0x08003a8e   0x00000010   Code   RO         2493    .text.OUTLINED_FUNCTION_40  stm32wlxx_hal_cryp.o
    0x08003a9e   0x08003a9e   0x00000010   Code   RO         2497    .text.OUTLINED_FUNCTION_42  stm32wlxx_hal_cryp.o
    0x08003aae   0x08003aae   0x00000008   Code   RO         2499    .text.OUTLINED_FUNCTION_43  stm32wlxx_hal_cryp.o
    0x08003ab6   0x08003ab6   0x00000008   Code   RO         2501    .text.OUTLINED_FUNCTION_44  stm32wlxx_hal_cryp.o
    0x08003abe   0x08003abe   0x00000008   Code   RO         2503    .text.OUTLINED_FUNCTION_45  stm32wlxx_hal_cryp.o
    0x08003ac6   0x08003ac6   0x00000010   Code   RO         2505    .text.OUTLINED_FUNCTION_46  stm32wlxx_hal_cryp.o
    0x08003ad6   0x08003ad6   0x00000008   Code   RO         2509    .text.OUTLINED_FUNCTION_48  stm32wlxx_hal_cryp.o
    0x08003ade   0x08003ade   0x0000000e   Code   RO         2511    .text.OUTLINED_FUNCTION_49  stm32wlxx_hal_cryp.o
    0x08003aec   0x08003aec   0x0000000a   Code   RO         1289    .text.OUTLINED_FUNCTION_5  stm32wlxx_hal_pwr_ex.o
    0x08003af6   0x08003af6   0x00000006   Code   RO         1341    .text.OUTLINED_FUNCTION_5  stm32wlxx_hal_rcc.o
    0x08003afc   0x08003afc   0x0000000e   Code   RO         1466    .text.OUTLINED_FUNCTION_5  stm32wlxx_hal_rtc.o
    0x08003b0a   0x08003b0a   0x00000010   Code   RO         1690    .text.OUTLINED_FUNCTION_5  stm32wlxx_hal_subghz.o
    0x08003b1a   0x08003b1a   0x0000000e   Code   RO         2694    .text.OUTLINED_FUNCTION_5  radio.o
    0x08003b28   0x08003b28   0x0000000e   Code   RO         2235    .text.OUTLINED_FUNCTION_50  stm32wlxx_hal_i2c.o
    0x08003b36   0x08003b36   0x0000000e   Code   RO         2237    .text.OUTLINED_FUNCTION_51  stm32wlxx_hal_i2c.o
    0x08003b44   0x08003b44   0x00000012   Code   RO         2239    .text.OUTLINED_FUNCTION_52  stm32wlxx_hal_i2c.o
    0x08003b56   0x08003b56   0x0000000e   Code   RO         2517    .text.OUTLINED_FUNCTION_52  stm32wlxx_hal_cryp.o
    0x08003b64   0x08003b64   0x00000008   Code   RO         2241    .text.OUTLINED_FUNCTION_53  stm32wlxx_hal_i2c.o
    0x08003b6c   0x08003b6c   0x00000012   Code   RO         2243    .text.OUTLINED_FUNCTION_54  stm32wlxx_hal_i2c.o
    0x08003b7e   0x08003b7e   0x00000016   Code   RO         2525    .text.OUTLINED_FUNCTION_56  stm32wlxx_hal_cryp.o
    0x08003b94   0x08003b94   0x00000008   Code   RO         1343    .text.OUTLINED_FUNCTION_6  stm32wlxx_hal_rcc.o
    0x08003b9c   0x08003b9c   0x00000010   Code   RO         1468    .text.OUTLINED_FUNCTION_6  stm32wlxx_hal_rtc.o
    0x08003bac   0x08003bac   0x00000006   Code   RO         1692    .text.OUTLINED_FUNCTION_6  stm32wlxx_hal_subghz.o
    0x08003bb2   0x08003bb2   0x00000006   Code   RO         2696    .text.OUTLINED_FUNCTION_6  radio.o
    0x08003bb8   0x08003bb8   0x0000000e   Code   RO         2533    .text.OUTLINED_FUNCTION_60  stm32wlxx_hal_cryp.o
    0x08003bc6   0x08003bc6   0x00000010   Code   RO         2257    .text.OUTLINED_FUNCTION_61  stm32wlxx_hal_i2c.o
    0x08003bd6   0x08003bd6   0x00000008   Code   RO         2263    .text.OUTLINED_FUNCTION_64  stm32wlxx_hal_i2c.o
    0x08003bde   0x08003bde   0x0000000e   Code   RO         2269    .text.OUTLINED_FUNCTION_67  stm32wlxx_hal_i2c.o
    0x08003bec   0x08003bec   0x00000010   Code   RO         1470    .text.OUTLINED_FUNCTION_7  stm32wlxx_hal_rtc.o
    0x08003bfc   0x08003bfc   0x00000008   Code   RO         1694    .text.OUTLINED_FUNCTION_7  stm32wlxx_hal_subghz.o
    0x08003c04   0x08003c04   0x0000001c   Code   RO         1858    .text.OUTLINED_FUNCTION_7  stm32wlxx_hal_uart.o
    0x08003c20   0x08003c20   0x00000006   Code   RO         2698    .text.OUTLINED_FUNCTION_7  radio.o
    0x08003c26   0x08003c26   0x00000006   Code   RO         2275    .text.OUTLINED_FUNCTION_70  stm32wlxx_hal_i2c.o
    0x08003c2c   0x08003c2c   0x00000010   Code   RO         1472    .text.OUTLINED_FUNCTION_8  stm32wlxx_hal_rtc.o
    0x08003c3c   0x08003c3c   0x00000008   Code   RO         1696    .text.OUTLINED_FUNCTION_8  stm32wlxx_hal_subghz.o
    0x08003c44   0x08003c44   0x0000000c   Code   RO         1860    .text.OUTLINED_FUNCTION_8  stm32wlxx_hal_uart.o
    0x08003c50   0x08003c50   0x00000008   Code   RO         2151    .text.OUTLINED_FUNCTION_8  stm32wlxx_hal_i2c.o
    0x08003c58   0x08003c58   0x00000036   Code   RO         2429    .text.OUTLINED_FUNCTION_8  stm32wlxx_hal_cryp.o
    0x08003c8e   0x08003c8e   0x0000000a   Code   RO         2700    .text.OUTLINED_FUNCTION_8  radio.o
    0x08003c98   0x08003c98   0x0000000e   Code   RO         1474    .text.OUTLINED_FUNCTION_9  stm32wlxx_hal_rtc.o
    0x08003ca6   0x08003ca6   0x00000026   Code   RO         2153    .text.OUTLINED_FUNCTION_9  stm32wlxx_hal_i2c.o
    0x08003ccc   0x08003ccc   0x00000034   Code   RO           48    .text.OnRxDone      subghz_phy_app.o
    0x08003d00   0x08003d00   0x0000001c   Code   RO           54    .text.OnRxError     subghz_phy_app.o
    0x08003d1c   0x08003d1c   0x0000001c   Code   RO           52    .text.OnRxTimeout   subghz_phy_app.o
    0x08003d38   0x08003d38   0x0000001c   Code   RO           46    .text.OnTxDone      subghz_phy_app.o
    0x08003d54   0x08003d54   0x0000001c   Code   RO           50    .text.OnTxTimeout   subghz_phy_app.o
    0x08003d70   0x08003d70   0x00000002   Code   RO          317    .text.PWR_EnterOffMode  stm32_lpm_if.o
    0x08003d72   0x08003d72   0x00000012   Code   RO          309    .text.PWR_EnterSleepMode  stm32_lpm_if.o
    0x08003d84   0x08003d84   0x0000001c   Code   RO          313    .text.PWR_EnterStopMode  stm32_lpm_if.o
    0x08003da0   0x08003da0   0x00000002   Code   RO          319    .text.PWR_ExitOffMode  stm32_lpm_if.o
    0x08003da2   0x08003da2   0x00000004   Code   RO          311    .text.PWR_ExitSleepMode  stm32_lpm_if.o
    0x08003da6   0x08003da6   0x0000000e   Code   RO          315    .text.PWR_ExitStopMode  stm32_lpm_if.o
    0x08003db4   0x08003db4   0x00000002   Code   RO          351    .text.PendSV_Handler  stm32wlxx_it.o
    0x08003db6   0x08003db6   0x00000002   PAD
    0x08003db8   0x08003db8   0x00000120   Code   RO           56    .text.PingPong_Process  subghz_phy_app.o
    0x08003ed8   0x08003ed8   0x00000064   Code   RO          618    .text.RBI_ConfigRFSwitch  radio_board_if.o
    0x08003f3c   0x08003f3c   0x00000004   Code   RO          620    .text.RBI_GetTxConfig  radio_board_if.o
    0x08003f40   0x08003f40   0x00000004   Code   RO          622    .text.RBI_GetWakeUpTime  radio_board_if.o
    0x08003f44   0x08003f44   0x00000068   Code   RO          612    .text.RBI_Init      radio_board_if.o
    0x08003fac   0x08003fac   0x00000004   Code   RO          626    .text.RBI_IsDCDC    radio_board_if.o
    0x08003fb0   0x08003fb0   0x00000004   Code   RO          624    .text.RBI_IsTCXO    radio_board_if.o
    0x08003fb4   0x08003fb4   0x000000a4   Code   RO         1303    .text.RCC_SetFlashLatencyFromMSIRange  stm32wlxx_hal_rcc.o
    0x08004058   0x08004058   0x00000038   Code   RO           66    .text.RD_AES_Init   subghz_phy_app.o
    0x08004090   0x08004090   0x0000003c   Code   RO          481    .text.RD_I2C_Read_light  max44009_sensor.o
    0x080040cc   0x080040cc   0x00000058   Code   RO          487    .text.RD_MX_I2C3_Init  max44009_sensor.o
    0x08004124   0x08004124   0x00000028   Code   RO          546    .text.RD_RNG_Init   rd_flash.o
    0x0800414c   0x0800414c   0x00000082   Code   RO         2572    .text.RNG_RecoverSeedError  stm32wlxx_hal_rng.o
    0x080041ce   0x080041ce   0x00000002   PAD
    0x080041d0   0x080041d0   0x0000000c   Code   RO          361    .text.RTC_Alarm_IRQHandler  stm32wlxx_it.o
    0x080041dc   0x080041dc   0x00000024   Code   RO         1418    .text.RTC_ByteToBcd2  stm32wlxx_hal_rtc.o
    0x08004200   0x08004200   0x00000050   Code   RO         1408    .text.RTC_EnterInitMode  stm32wlxx_hal_rtc.o
    0x08004250   0x08004250   0x0000004c   Code   RO         1410    .text.RTC_ExitInitMode  stm32wlxx_hal_rtc.o
    0x0800429c   0x0800429c   0x00000004   Code   RO         2630    .text.RadioCheckRfFrequency  radio.o
    0x080042a0   0x080042a0   0x00000024   Code   RO         2676    .text.RadioGetFskBandwidthRegValue  radio.o
    0x080042c4   0x080042c4   0x00000028   Code   RO         2616    .text.RadioGetStatus  radio.o
    0x080042ec   0x080042ec   0x0000000a   Code   RO         2660    .text.RadioGetWakeupTime  radio.o
    0x080042f6   0x080042f6   0x00000002   PAD
    0x080042f8   0x080042f8   0x0000007c   Code   RO         2614    .text.RadioInit     radio.o
    0x08004374   0x08004374   0x0000014c   Code   RO         2662    .text.RadioIrqProcess  radio.o
    0x080044c0   0x080044c0   0x00000082   Code   RO         2622    .text.RadioIsChannelFree  radio.o
    0x08004542   0x08004542   0x00000002   PAD
    0x08004544   0x08004544   0x0000000c   Code   RO         2678    .text.RadioOnDioIrq  radio.o
    0x08004550   0x08004550   0x00000010   Code   RO         2682    .text.RadioOnRxTimeoutIrq  radio.o
    0x08004560   0x08004560   0x00000010   Code   RO         2680    .text.RadioOnTxTimeoutIrq  radio.o
    0x08004570   0x08004570   0x00000016   Code   RO         2624    .text.RadioRandom   radio.o
    0x08004586   0x08004586   0x00000004   Code   RO         2650    .text.RadioRead     radio.o
    0x0800458a   0x0800458a   0x00000004   Code   RO         2654    .text.RadioReadRegisters  radio.o
    0x0800458e   0x0800458e   0x00000008   Code   RO         2646    .text.RadioRssi     radio.o
    0x08004596   0x08004596   0x00000002   PAD
    0x08004598   0x08004598   0x00000034   Code   RO         2640    .text.RadioRx       radio.o
    0x080045cc   0x080045cc   0x0000003c   Code   RO         2664    .text.RadioRxBoosted  radio.o
    0x08004608   0x08004608   0x00000154   Code   RO         2634    .text.RadioSend     radio.o
    0x0800475c   0x0800475c   0x00000004   Code   RO         2620    .text.RadioSetChannel  radio.o
    0x08004760   0x08004760   0x00000028   Code   RO         2656    .text.RadioSetMaxPayloadLength  radio.o
    0x08004788   0x08004788   0x0000004c   Code   RO         2618    .text.RadioSetModem  radio.o
    0x080047d4   0x080047d4   0x00000038   Code   RO         2658    .text.RadioSetPublicNetwork  radio.o
    0x0800480c   0x0800480c   0x0000028c   Code   RO         2626    .text.RadioSetRxConfig  radio.o
    0x08004a98   0x08004a98   0x00000024   Code   RO         2666    .text.RadioSetRxDutyCycle  radio.o
    0x08004abc   0x08004abc   0x000001a0   Code   RO         2672    .text.RadioSetRxGenericConfig  radio.o
    0x08004c5c   0x08004c5c   0x00000198   Code   RO         2628    .text.RadioSetTxConfig  radio.o
    0x08004df4   0x08004df4   0x0000003c   Code   RO         2644    .text.RadioSetTxContinuousWave  radio.o
    0x08004e30   0x08004e30   0x00000160   Code   RO         2674    .text.RadioSetTxGenericConfig  radio.o
    0x08004f90   0x08004f90   0x00000012   Code   RO         2636    .text.RadioSleep    radio.o
    0x08004fa2   0x08004fa2   0x00000006   Code   RO         2638    .text.RadioStandby  radio.o
    0x08004fa8   0x08004fa8   0x00000016   Code   RO         2642    .text.RadioStartCad  radio.o
    0x08004fbe   0x08004fbe   0x00000002   PAD
    0x08004fc0   0x08004fc0   0x00000124   Code   RO         2632    .text.RadioTimeOnAir  radio.o
    0x080050e4   0x080050e4   0x00000014   Code   RO         2670    .text.RadioTxCw     radio.o
    0x080050f8   0x080050f8   0x00000030   Code   RO         2668    .text.RadioTxPrbs   radio.o
    0x08005128   0x08005128   0x00000004   Code   RO         2648    .text.RadioWrite    radio.o
    0x0800512c   0x0800512c   0x00000004   Code   RO         2652    .text.RadioWriteRegisters  radio.o
    0x08005130   0x08005130   0x0000002a   Code   RO         2719    .text.Radio_SMPS_Set  radio_driver.o
    0x0800515a   0x0800515a   0x00000018   Code   RO           58    .text.Rd_rf_process  subghz_phy_app.o
    0x08005172   0x08005172   0x00000002   PAD
    0x08005174   0x08005174   0x0000003c   Code   RO         2960    .text.SEQ_BitPosition  stm32_seq.o
    0x080051b0   0x080051b0   0x00000024   Code   RO         1624    .text.SUBGHZSPI_Init  stm32wlxx_hal_subghz.o
    0x080051d4   0x080051d4   0x00000058   Code   RO         1642    .text.SUBGHZSPI_Receive  stm32wlxx_hal_subghz.o
    0x0800522c   0x0800522c   0x00000058   Code   RO         1636    .text.SUBGHZSPI_Transmit  stm32wlxx_hal_subghz.o
    0x08005284   0x08005284   0x00000030   Code   RO         1634    .text.SUBGHZ_CheckDeviceReady  stm32wlxx_hal_subghz.o
    0x080052b4   0x080052b4   0x00000008   Code   RO          363    .text.SUBGHZ_Radio_IRQHandler  stm32wlxx_it.o
    0x080052bc   0x080052bc   0x00000044   Code   RO         1638    .text.SUBGHZ_WaitOnBusy  stm32wlxx_hal_subghz.o
    0x08005300   0x08005300   0x0000001c   Code   RO         2727    .text.SUBGRF_Calibrate  radio_driver.o
    0x0800531c   0x0800531c   0x00000078   Code   RO         2785    .text.SUBGRF_CalibrateImage  radio_driver.o
    0x08005394   0x08005394   0x00000008   Code   RO         2729    .text.SUBGRF_GetOperatingMode  radio_driver.o
    0x0800539c   0x0800539c   0x00000074   Code   RO         2813    .text.SUBGRF_GetPacketStatus  radio_driver.o
    0x08005410   0x08005410   0x00000030   Code   RO         2735    .text.SUBGRF_GetPayload  radio_driver.o
    0x08005440   0x08005440   0x00000004   Code   RO         2825    .text.SUBGRF_GetRadioWakeUpTime  radio_driver.o
    0x08005444   0x08005444   0x00000064   Code   RO         2759    .text.SUBGRF_GetRandom  radio_driver.o
    0x080054a8   0x080054a8   0x0000001c   Code   RO         2811    .text.SUBGRF_GetRssiInst  radio_driver.o
    0x080054c4   0x080054c4   0x0000003c   Code   RO         2737    .text.SUBGRF_GetRxBufferStatus  radio_driver.o
    0x08005500   0x08005500   0x00000064   Code   RO         2717    .text.SUBGRF_Init   radio_driver.o
    0x08005564   0x08005564   0x0000000c   Code   RO         2739    .text.SUBGRF_ReadBuffer  radio_driver.o
    0x08005570   0x08005570   0x00000018   Code   RO         2757    .text.SUBGRF_ReadRegister  radio_driver.o
    0x08005588   0x08005588   0x0000000c   Code   RO         2763    .text.SUBGRF_ReadRegisters  radio_driver.o
    0x08005594   0x08005594   0x00000012   Code   RO         2741    .text.SUBGRF_SendPayload  radio_driver.o
    0x080055a6   0x080055a6   0x00000002   PAD
    0x080055a8   0x080055a8   0x0000001c   Code   RO         2807    .text.SUBGRF_SetBufferBaseAddress  radio_driver.o
    0x080055c4   0x080055c4   0x00000018   Code   RO         2773    .text.SUBGRF_SetCad  radio_driver.o
    0x080055dc   0x080055dc   0x00000020   Code   RO         2753    .text.SUBGRF_SetCrcPolynomial  radio_driver.o
    0x080055fc   0x080055fc   0x00000024   Code   RO         2749    .text.SUBGRF_SetCrcSeed  radio_driver.o
    0x08005620   0x08005620   0x0000003c   Code   RO         2791    .text.SUBGRF_SetDioIrqParams  radio_driver.o
    0x0800565c   0x0800565c   0x00000040   Code   RO         2781    .text.SUBGRF_SetLoRaSymbNumTimeout  radio_driver.o
    0x0800569c   0x0800569c   0x000000d0   Code   RO         2801    .text.SUBGRF_SetModulationParams  radio_driver.o
    0x0800576c   0x0800576c   0x00000020   Code   RO         2787    .text.SUBGRF_SetPaConfig  radio_driver.o
    0x0800578c   0x0800578c   0x000000cc   Code   RO         2803    .text.SUBGRF_SetPacketParams  radio_driver.o
    0x08005858   0x08005858   0x00000028   Code   RO         2797    .text.SUBGRF_SetPacketType  radio_driver.o
    0x08005880   0x08005880   0x0000000a   Code   RO         2731    .text.SUBGRF_SetPayload  radio_driver.o
    0x0800588a   0x0800588a   0x00000002   PAD
    0x0800588c   0x0800588c   0x00000020   Code   RO         2783    .text.SUBGRF_SetRegulatorMode  radio_driver.o
    0x080058ac   0x080058ac   0x00000038   Code   RO         2795    .text.SUBGRF_SetRfFrequency  radio_driver.o
    0x080058e4   0x080058e4   0x00000028   Code   RO         2823    .text.SUBGRF_SetRfTxPower  radio_driver.o
    0x0800590c   0x0800590c   0x00000024   Code   RO         2761    .text.SUBGRF_SetRx  radio_driver.o
    0x08005930   0x08005930   0x0000003c   Code   RO         2769    .text.SUBGRF_SetRxBoosted  radio_driver.o
    0x0800596c   0x0800596c   0x0000003c   Code   RO         2771    .text.SUBGRF_SetRxDutyCycle  radio_driver.o
    0x080059a8   0x080059a8   0x00000034   Code   RO         2765    .text.SUBGRF_SetSleep  radio_driver.o
    0x080059dc   0x080059dc   0x00000028   Code   RO         2721    .text.SUBGRF_SetStandby  radio_driver.o
    0x08005a04   0x08005a04   0x00000018   Code   RO         2779    .text.SUBGRF_SetStopRxTimerOnPreambleDetect  radio_driver.o
    0x08005a1c   0x08005a1c   0x00000028   Code   RO         2821    .text.SUBGRF_SetSwitch  radio_driver.o
    0x08005a44   0x08005a44   0x00000012   Code   RO         2745    .text.SUBGRF_SetSyncWord  radio_driver.o
    0x08005a56   0x08005a56   0x00000002   PAD
    0x08005a58   0x08005a58   0x00000028   Code   RO         2723    .text.SUBGRF_SetTcxoMode  radio_driver.o
    0x08005a80   0x08005a80   0x00000024   Code   RO         2743    .text.SUBGRF_SetTx  radio_driver.o
    0x08005aa4   0x08005aa4   0x0000000c   Code   RO         2775    .text.SUBGRF_SetTxContinuousWave  radio_driver.o
    0x08005ab0   0x08005ab0   0x00000010   Code   RO         2777    .text.SUBGRF_SetTxInfinitePreamble  radio_driver.o
    0x08005ac0   0x08005ac0   0x00000088   Code   RO         2799    .text.SUBGRF_SetTxParams  radio_driver.o
    0x08005b48   0x08005b48   0x00000038   Code   RO         2755    .text.SUBGRF_SetWhiteningSeed  radio_driver.o
    0x08005b80   0x08005b80   0x0000000c   Code   RO         2733    .text.SUBGRF_WriteBuffer  radio_driver.o
    0x08005b8c   0x08005b8c   0x00000018   Code   RO         2725    .text.SUBGRF_WriteRegister  radio_driver.o
    0x08005ba4   0x08005ba4   0x00000010   Code   RO         2747    .text.SUBGRF_WriteRegisters  radio_driver.o
    0x08005bb4   0x08005bb4   0x00000002   Code   RO          347    .text.SVC_Handler   stm32wlxx_it.o
    0x08005bb6   0x08005bb6   0x00000002   PAD
    0x08005bb8   0x08005bb8   0x00000048   Code   RO          131    .text.SYS_LED_Init  board_resources.o
    0x08005c00   0x08005c00   0x00000108   Code   RO           42    .text.SubghzApp_Init  subghz_phy_app.o
    0x08005d08   0x08005d08   0x00000004   Code   RO          353    .text.SysTick_Handler  stm32wlxx_it.o
    0x08005d0c   0x08005d0c   0x00000028   Code   RO         3002    .text.SysTimeAdd    stm32_systime.o
    0x08005d34   0x08005d34   0x00000044   Code   RO         3008    .text.SysTimeGet    stm32_systime.o
    0x08005d78   0x08005d78   0x000000bc   Code   RO          387    .text.SystemApp_Init  sys_app.o
    0x08005e34   0x08005e34   0x0000007c   Code   RO          191    .text.SystemClock_Config  main.o
    0x08005eb0   0x08005eb0   0x00000002   Code   RO          712    .text.SystemInit    system_stm32wlxx.o
    0x08005eb2   0x08005eb2   0x00000002   PAD
    0x08005eb4   0x08005eb4   0x00000008   Code   RO          355    .text.TAMP_STAMP_LSECSS_SSRU_IRQHandler  stm32wlxx_it.o
    0x08005ebc   0x08005ebc   0x00000008   Code   RO          292    .text.TIMER_IF_BkUp_Read_MSBticks  timer_if.o
    0x08005ec4   0x08005ec4   0x00000008   Code   RO          276    .text.TIMER_IF_BkUp_Read_Seconds  timer_if.o
    0x08005ecc   0x08005ecc   0x00000008   Code   RO          280    .text.TIMER_IF_BkUp_Read_SubSeconds  timer_if.o
    0x08005ed4   0x08005ed4   0x0000000c   Code   RO          284    .text.TIMER_IF_BkUp_Write_MSBticks  timer_if.o
    0x08005ee0   0x08005ee0   0x0000000c   Code   RO          274    .text.TIMER_IF_BkUp_Write_Seconds  timer_if.o
    0x08005eec   0x08005eec   0x0000000c   Code   RO          278    .text.TIMER_IF_BkUp_Write_SubSeconds  timer_if.o
    0x08005ef8   0x08005ef8   0x00000010   Code   RO          272    .text.TIMER_IF_Convert_Tick2ms  timer_if.o
    0x08005f08   0x08005f08   0x00000008   Code   RO          270    .text.TIMER_IF_Convert_ms2Tick  timer_if.o
    0x08005f10   0x08005f10   0x00000018   Code   RO          286    .text.TIMER_IF_DelayMs  timer_if.o
    0x08005f28   0x08005f28   0x00000004   Code   RO          268    .text.TIMER_IF_GetMinimumTimeout  timer_if.o
    0x08005f2c   0x08005f2c   0x00000028   Code   RO          282    .text.TIMER_IF_GetTime  timer_if.o
    0x08005f54   0x08005f54   0x00000008   Code   RO          262    .text.TIMER_IF_GetTimerContext  timer_if.o
    0x08005f5c   0x08005f5c   0x00000010   Code   RO          264    .text.TIMER_IF_GetTimerElapsedTime  timer_if.o
    0x08005f6c   0x08005f6c   0x00000014   Code   RO          266    .text.TIMER_IF_GetTimerValue  timer_if.o
    0x08005f80   0x08005f80   0x0000003c   Code   RO          254    .text.TIMER_IF_Init  timer_if.o
    0x08005fbc   0x08005fbc   0x00000010   Code   RO          260    .text.TIMER_IF_SetTimerContext  timer_if.o
    0x08005fcc   0x08005fcc   0x0000004c   Code   RO          256    .text.TIMER_IF_StartTimer  timer_if.o
    0x08006018   0x08006018   0x00000020   Code   RO          258    .text.TIMER_IF_StopTimer  timer_if.o
    0x08006038   0x08006038   0x0000007c   Code   RO         2870    .text.TRACE_AllocateBufer  stm32_adv_trace.o
    0x080060b4   0x080060b4   0x00000018   Code   RO         2868    .text.TRACE_Lock    stm32_adv_trace.o
    0x080060cc   0x080060cc   0x0000007c   Code   RO         2874    .text.TRACE_Send    stm32_adv_trace.o
    0x08006148   0x08006148   0x00000090   Code   RO         2860    .text.TRACE_TxCpltCallback  stm32_adv_trace.o
    0x080061d8   0x080061d8   0x0000001c   Code   RO         2872    .text.TRACE_UnLock  stm32_adv_trace.o
    0x080061f4   0x080061f4   0x00000018   Code   RO         3043    .text.TimerExists   stm32_timer.o
    0x0800620c   0x0800620c   0x00000014   Code   RO         3045    .text.TimerInsertNewHeadTimer  stm32_timer.o
    0x08006220   0x08006220   0x00000024   Code   RO         3047    .text.TimerInsertTimer  stm32_timer.o
    0x08006244   0x08006244   0x00000038   Code   RO         3053    .text.TimerSetTimeout  stm32_timer.o
    0x0800627c   0x0800627c   0x00000024   Code   RO          389    .text.TimestampNow  sys_app.o
    0x080062a0   0x080062a0   0x00000044   Code   RO         1944    .text.UARTEx_SetNbDataToProcess  stm32wlxx_hal_uart_ex.o
    0x080062e4   0x080062e4   0x000000a8   Code   RO         1712    .text.UART_AdvFeatureConfig  stm32wlxx_hal_uart.o
    0x0800638c   0x0800638c   0x0000004c   Code   RO         1714    .text.UART_CheckIdleState  stm32wlxx_hal_uart.o
    0x080063d8   0x080063d8   0x00000010   Code   RO         1796    .text.UART_DMAAbortOnError  stm32wlxx_hal_uart.o
    0x080063e8   0x080063e8   0x00000056   Code   RO         1752    .text.UART_DMAError  stm32wlxx_hal_uart.o
    0x0800643e   0x0800643e   0x00000028   Code   RO         1748    .text.UART_DMATransmitCplt  stm32wlxx_hal_uart.o
    0x08006466   0x08006466   0x00000006   Code   RO         1750    .text.UART_DMATxHalfCplt  stm32wlxx_hal_uart.o
    0x0800646c   0x0800646c   0x00000030   Code   RO         1766    .text.UART_EndRxTransfer  stm32wlxx_hal_uart.o
    0x0800649c   0x0800649c   0x0000001a   Code   RO         1764    .text.UART_EndTxTransfer  stm32wlxx_hal_uart.o
    0x080064b6   0x080064b6   0x0000004a   Code   RO         1836    .text.UART_RxISR_16BIT  stm32wlxx_hal_uart.o
    0x08006500   0x08006500   0x000000cc   Code   RO         1832    .text.UART_RxISR_16BIT_FIFOEN  stm32wlxx_hal_uart.o
    0x080065cc   0x080065cc   0x00000046   Code   RO         1838    .text.UART_RxISR_8BIT  stm32wlxx_hal_uart.o
    0x08006612   0x08006612   0x00000002   PAD
    0x08006614   0x08006614   0x000000d0   Code   RO         1834    .text.UART_RxISR_8BIT_FIFOEN  stm32wlxx_hal_uart.o
    0x080066e4   0x080066e4   0x000001e0   Code   RO         1710    .text.UART_SetConfig  stm32wlxx_hal_uart.o
    0x080068c4   0x080068c4   0x000000c8   Code   RO         1744    .text.UART_Start_Receive_IT  stm32wlxx_hal_uart.o
    0x0800698c   0x0800698c   0x0000007e   Code   RO         1728    .text.UART_WaitOnFlagUntilTimeout  stm32wlxx_hal_uart.o
    0x08006a0a   0x08006a0a   0x00000002   PAD
    0x08006a0c   0x08006a0c   0x0000000c   Code   RO          359    .text.USART2_IRQHandler  stm32wlxx_it.o
    0x08006a18   0x08006a18   0x000000a4   Code   RO         2866    .text.UTIL_ADV_TRACE_COND_FSend  stm32_adv_trace.o
    0x08006abc   0x08006abc   0x00000030   Code   RO         2858    .text.UTIL_ADV_TRACE_Init  stm32_adv_trace.o
    0x08006aec   0x08006aec   0x00000008   Code   RO          395    .text.UTIL_ADV_TRACE_PostSendHook  sys_app.o
    0x08006af4   0x08006af4   0x00000008   Code   RO          393    .text.UTIL_ADV_TRACE_PreSendHook  sys_app.o
    0x08006afc   0x08006afc   0x00000008   Code   RO         2890    .text.UTIL_ADV_TRACE_RegisterTimeStampFunction  stm32_adv_trace.o
    0x08006b04   0x08006b04   0x0000000c   Code   RO         2892    .text.UTIL_ADV_TRACE_SetVerboseLevel  stm32_adv_trace.o
    0x08006b10   0x08006b10   0x00000038   Code   RO         2929    .text.UTIL_LPM_EnterLowPower  stm32_lpm.o
    0x08006b48   0x08006b48   0x0000000c   Code   RO         2919    .text.UTIL_LPM_Init  stm32_lpm.o
    0x08006b54   0x08006b54   0x0000002c   Code   RO         2925    .text.UTIL_LPM_SetOffMode  stm32_lpm.o
    0x08006b80   0x08006b80   0x00000030   Code   RO         2923    .text.UTIL_LPM_SetStopMode  stm32_lpm.o
    0x08006bb0   0x08006bb0   0x0000000e   Code   RO         2944    .text.UTIL_MEM_set_8  stm32_mem.o
    0x08006bbe   0x08006bbe   0x00000004   Code   RO          391    .text.UTIL_SEQ_Idle  sys_app.o
    0x08006bc2   0x08006bc2   0x00000002   Code   RO         2966    .text.UTIL_SEQ_PostIdle  stm32_seq.o
    0x08006bc4   0x08006bc4   0x00000002   Code   RO         2962    .text.UTIL_SEQ_PreIdle  stm32_seq.o
    0x08006bc6   0x08006bc6   0x00000002   PAD
    0x08006bc8   0x08006bc8   0x00000020   Code   RO         2968    .text.UTIL_SEQ_RegTask  stm32_seq.o
    0x08006be8   0x08006be8   0x000000e8   Code   RO         2958    .text.UTIL_SEQ_Run  stm32_seq.o
    0x08006cd0   0x08006cd0   0x00000028   Code   RO         2970    .text.UTIL_SEQ_SetTask  stm32_seq.o
    0x08006cf8   0x08006cf8   0x00000034   Code   RO         3039    .text.UTIL_TIMER_Create  stm32_timer.o
    0x08006d2c   0x08006d2c   0x00000014   Code   RO         3067    .text.UTIL_TIMER_GetCurrentTime  stm32_timer.o
    0x08006d40   0x08006d40   0x00000020   Code   RO         3069    .text.UTIL_TIMER_GetElapsedTime  stm32_timer.o
    0x08006d60   0x08006d60   0x00000080   Code   RO         3065    .text.UTIL_TIMER_IRQ_Handler  stm32_timer.o
    0x08006de0   0x08006de0   0x0000000c   Code   RO         3035    .text.UTIL_TIMER_Init  stm32_timer.o
    0x08006dec   0x08006dec   0x00000030   Code   RO         3055    .text.UTIL_TIMER_SetPeriod  stm32_timer.o
    0x08006e1c   0x08006e1c   0x0000006c   Code   RO         3041    .text.UTIL_TIMER_Start  stm32_timer.o
    0x08006e88   0x08006e88   0x00000068   Code   RO         3051    .text.UTIL_TIMER_Stop  stm32_timer.o
    0x08006ef0   0x08006ef0   0x00000002   Code   RO          345    .text.UsageFault_Handler  stm32wlxx_it.o
    0x08006ef2   0x08006ef2   0x00000002   PAD
    0x08006ef4   0x08006ef4   0x0000009c   Code   RO          554    .text._save_netkey_device_id  rd_flash.o
    0x08006f90   0x08006f90   0x0000004c   Code   RO           90    .text.aes_encrypt_decrypt  subghz_phy_app.o
    0x08006fdc   0x08006fdc   0x00000068   Code   RO          558    .text.delete_device_infor  rd_flash.o
    0x08007044   0x08007044   0x00000028   Code   RO          552    .text.device_gen_dev_key  rd_flash.o
    0x0800706c   0x0800706c   0x00000030   Code   RO          544    .text.device_gen_random_time  rd_flash.o
    0x0800709c   0x0800709c   0x00000028   Code   RO           74    .text.led_blink     subghz_phy_app.o
    0x080070c4   0x080070c4   0x0000003c   Code   RO           72    .text.led_toggle    subghz_phy_app.o
    0x08007100   0x08007100   0x00000020   Code   RO          491    .text.light_sensor_read_data  max44009_sensor.o
    0x08007120   0x08007120   0x0000004c   Code   RO          485    .text.lux_calculate  max44009_sensor.o
    0x0800716c   0x0800716c   0x000000dc   Code   RO          189    .text.main          main.o
    0x08007248   0x08007248   0x00000004   Code   RO           30    .text.op_co2_to_gw_handle  subghz_phy_app.o
    0x0800724c   0x0800724c   0x00000040   Code   RO           20    .text.op_delete_device_handle  subghz_phy_app.o
    0x0800728c   0x0800728c   0x00000004   Code   RO           34    .text.op_ground_to_gw_handle  subghz_phy_app.o
    0x08007290   0x08007290   0x00000004   Code   RO           32    .text.op_gw_to_co2_handle  subghz_phy_app.o
    0x08007294   0x08007294   0x00000004   Code   RO           36    .text.op_gw_to_ground_handle  subghz_phy_app.o
    0x08007298   0x08007298   0x00000004   Code   RO           24    .text.op_gw_to_light_handle  subghz_phy_app.o
    0x0800729c   0x0800729c   0x00000004   Code   RO           28    .text.op_gw_to_temp_hum_handle  subghz_phy_app.o
    0x080072a0   0x080072a0   0x000000e4   Code   RO           18    .text.op_join_accept_ack_handle  subghz_phy_app.o
    0x08007384   0x08007384   0x00000218   Code   RO           16    .text.op_join_accept_handle  subghz_phy_app.o
    0x0800759c   0x0800759c   0x00000094   Code   RO           14    .text.op_join_request_handle  subghz_phy_app.o
    0x08007630   0x08007630   0x00000070   Code   RO           22    .text.op_light_to_gw_handle  subghz_phy_app.o
    0x080076a0   0x080076a0   0x00000004   Code   RO           26    .text.op_temp_hum_to_gw_handle  subghz_phy_app.o
    0x080076a4   0x080076a4   0x00000004   Code   RO           40    .text.op_uart_send_light_off_handle  subghz_phy_app.o
    0x080076a8   0x080076a8   0x00000028   Code   RO           38    .text.op_uart_send_light_on_handle  subghz_phy_app.o
    0x080076d0   0x080076d0   0x00000094   Code   RO           76    .text.rd_message_hande  subghz_phy_app.o
    0x08007764   0x08007764   0x0000001c   Code   RO           84    .text.rd_set_aes_key  subghz_phy_app.o
    0x08007780   0x08007780   0x00000024   Code   RO          556    .text.read_key_device_id  rd_flash.o
    0x080077a4   0x080077a4   0x000000a4   Code   RO           44    .text.timer_event   subghz_phy_app.o
    0x08007848   0x08007848   0x00000028   Code   RO          403    .text.tiny_snprintf_like  sys_app.o
    0x08007870   0x08007870   0x000002b8   Code   RO         3080    .text.tiny_vsnprintf_like  stm32_tiny_vsnprintf.o
    0x08007b28   0x08007b28   0x00000028   Code   RO          441    .text.vcom_DeInit   usart_if.o
    0x08007b50   0x08007b50   0x00000024   Code   RO          439    .text.vcom_Init     usart_if.o
    0x08007b74   0x08007b74   0x00000044   Code   RO          443    .text.vcom_ReceiveInit  usart_if.o
    0x08007bb8   0x08007bb8   0x00000024   Code   RO          449    .text.vcom_Resume   usart_if.o
    0x08007bdc   0x08007bdc   0x00000014   Code   RO          445    .text.vcom_Trace_DMA  usart_if.o
    0x08007bf0   0x08007bf0   0x00000040   Code   RO           62    .text.write_led     subghz_phy_app.o
    0x08007c30   0x08007c30   0x0000000e   Code   RO         3133    i.__mathlib_dbl_overflow  m_ws.l(dunder.o)
    0x08007c3e   0x08007c3e   0x00000002   PAD
    0x08007c40   0x08007c40   0x00000010   Code   RO         3135    i.__mathlib_dbl_underflow  m_ws.l(dunder.o)
    0x08007c50   0x08007c50   0x0000000e   Code   RO         3185    i.__scatterload_copy  mc_w.l(handlers.o)
    0x08007c5e   0x08007c5e   0x00000002   Code   RO         3186    i.__scatterload_null  mc_w.l(handlers.o)
    0x08007c60   0x08007c60   0x0000000e   Code   RO         3187    i.__scatterload_zeroinit  mc_w.l(handlers.o)
    0x08007c6e   0x08007c6e   0x00000002   PAD
    0x08007c70   0x08007c70   0x0000000c   Code   RO         3165    i.__set_errno       mc_w.l(errno.o)
    0x08007c7c   0x08007c7c   0x00000074   Code   RO         3092    i.ldexp             m_ws.l(ldexp.o)
    0x08007cf0   0x08007cf0   0x00000030   Data   RO         2535    .rodata..L__const.CRYP_GCMCCM_SetHeaderPhase_IT.mask  stm32wlxx_hal_cryp.o
    0x08007d20   0x08007d20   0x00000006   Data   RO         1345    .rodata..L__const.RCC_SetFlashLatency.FLASH_CLK_SRC_RANGE_VOS1  stm32wlxx_hal_rcc.o
    0x08007d26   0x08007d26   0x00000006   Data   RO         1346    .rodata..L__const.RCC_SetFlashLatency.FLASH_CLK_SRC_RANGE_VOS2  stm32wlxx_hal_rcc.o
    0x08007d2c   0x08007d2c   0x0000000c   Data   RO         1347    .rodata..L__const.RCC_SetFlashLatency.FLASH_LATENCY_RANGE  stm32wlxx_hal_rcc.o
    0x08007d38   0x08007d38   0x00000040   Data   RO          717    .rodata.AHBPrescTable  system_stm32wlxx.o
    0x08007d78   0x08007d78   0x00000020   Data   RO          718    .rodata.APBPrescTable  system_stm32wlxx.o
    0x08007d98   0x08007d98   0x0000000c   Data   RO         2704    .rodata.Bandwidths  radio.o
    0x08007da4   0x08007da4   0x000000b0   Data   RO         2703    .rodata.FskBandwidths  radio.o
    0x08007e54   0x08007e54   0x00000040   Data   RO          719    .rodata.MSIRangeTable  system_stm32wlxx.o
    0x08007e94   0x08007e94   0x0000007c   Data   RO         2702    .rodata.Radio       radio.o
    0x08007f10   0x08007f10   0x00000006   Data   RO          163    .rodata.SYS_LED_PIN  board_resources.o
    0x08007f16   0x08007f16   0x00000002   PAD
    0x08007f18   0x08007f18   0x0000000c   Data   RO          164    .rodata.SYS_LED_PORT  board_resources.o
    0x08007f24   0x08007f24   0x00000018   Data   RO         1916    .rodata.UARTPrescTable  stm32wlxx_hal_uart.o
    0x08007f3c   0x08007f3c   0x00000018   Data   RO          321    .rodata.UTIL_PowerDriver  stm32_lpm_if.o
    0x08007f54   0x08007f54   0x00000014   Data   RO          299    .rodata.UTIL_SYSTIMDriver  timer_if.o
    0x08007f68   0x08007f68   0x0000002c   Data   RO          298    .rodata.UTIL_TimerDriver  timer_if.o
    0x08007f94   0x08007f94   0x00000010   Data   RO          455    .rodata.UTIL_TraceDriver  usart_if.o
    0x08007fa4   0x08007fa4   0x00000010   Data   RO         1917    .rodata.cst16       stm32wlxx_hal_uart.o
    0x08007fb4   0x08007fb4   0x00000010   Data   RO         2991    .rodata.cst16       stm32_seq.o
    0x08007fc4   0x08007fc4   0x00000010   Data   RO         1968    .rodata.cst8        stm32wlxx_hal_uart_ex.o
    0x08007fd4   0x08007fd4   0x00000083   Data   RO          118    .rodata.str1.1      subghz_phy_app.o
    0x08008057   0x08008057   0x00000010   Data   RO          575    .rodata.str1.1      rd_flash.o
    0x08008067   0x08008067   0x00000007   Data   RO         3082    .rodata.str1.1      stm32_tiny_vsnprintf.o
    0x0800806e   0x0800806e   0x00000002   PAD
    0x08008070   0x08008070   0x00000020   Data   RO         3184    Region$$Table       anon$$obj.o


    Execution Region RW_IRAM1 (Exec base: 0x20000000, Load base: 0x08008090, Size: 0x000012f0, Max: 0x00008000, ABSOLUTE)

    Exec Addr    Load Addr    Size         Type   Attr      Idx    E Section Name        Object

    0x20000000   0x08008090   0x00000004   Data   RW         3166    .data               mc_w.l(errno.o)
    0x20000004   0x08008094   0x00000024   Data   RW          120    .data..L_MergedGlobals  subghz_phy_app.o
    0x20000028   0x080080b8   0x00000008   Data   RW          807    .data..L_MergedGlobals  stm32wlxx_hal.o
    0x20000030   0x080080c0   0x00000008   Data   RW         2992    .data..L_MergedGlobals  stm32_seq.o
    0x20000038   0x080080c8   0x00000001   Data   RW         2706    .data.MaxPayloadLength  radio.o
    0x20000039   0x080080c9   0x00000003   PAD
    0x2000003c   0x080080cc   0x00000004   Data   RW          716    .data.SystemCoreClock  system_stm32wlxx.o
    0x20000040   0x080080d0   0x000000a0   Data   RW          103    .data.rd_message_func_handle  subghz_phy_app.o
    0x200000e0        -       0x00000004   Zero   RW          230    .bss..L_MergedGlobals  main.o
    0x200000e4        -       0x00000008   Zero   RW          300    .bss..L_MergedGlobals  timer_if.o
    0x200000ec        -       0x00000008   Zero   RW          457    .bss..L_MergedGlobals  usart_if.o
    0x200000f4   0x08008170   0x00000004   PAD
    0x200000f8        -       0x00000068   Zero   RW          576    .bss..L_MergedGlobals  rd_flash.o
    0x20000160        -       0x0000003c   Zero   RW         2708    .bss..L_MergedGlobals  radio.o
    0x2000019c        -       0x00000018   Zero   RW         2849    .bss..L_MergedGlobals  radio_driver.o
    0x200001b4        -       0x00000008   Zero   RW         2931    .bss..L_MergedGlobals  stm32_lpm.o
    0x200001bc        -       0x00000078   Zero   RW          121    .bss..L_MergedGlobals.14  subghz_phy_app.o
    0x20000234        -       0x00000060   Zero   RW          122    .bss..L_MergedGlobals.15  subghz_phy_app.o
    0x20000294        -       0x00000020   Zero   RW         2993    .bss..L_MergedGlobals.2  stm32_seq.o
    0x200002b4        -       0x00000200   Zero   RW         2909    .bss.ADV_TRACE_Buffer  stm32_adv_trace.o
    0x200004b4        -       0x0000001c   Zero   RW         2908    .bss.ADV_TRACE_Ctx  stm32_adv_trace.o
    0x200004d0        -       0x00000020   Zero   RW          119    .bss.Buffer         subghz_phy_app.o
    0x200004f0        -       0x000000ff   Zero   RW         2707    .bss.RadioRxPayload  radio.o
    0x200005ef   0x08008170   0x00000001   PAD
    0x200005f0        -       0x00000098   Zero   RW         2705    .bss.SubgRf         radio.o
    0x20000688        -       0x00000080   Zero   RW         2990    .bss.TaskCb         stm32_seq.o
    0x20000708        -       0x00000004   Zero   RW         3071    .bss.TimerListHead  stm32_timer.o
    0x2000070c        -       0x00000004   Zero   RW          456    .bss.TxCpltCallback  usart_if.o
    0x20000710        -       0x00000004   Zero   RW          219    .bss.data_max44009  main.o
    0x20000714        -       0x00000110   Zero   RW          117    .bss.hcryp          subghz_phy_app.o
    0x20000824        -       0x00000064   Zero   RW          430    .bss.hdma_usart2_tx  usart.o
    0x20000888        -       0x00000054   Zero   RW          495    .bss.hi2c3          max44009_sensor.o
    0x200008dc        -       0x0000003c   Zero   RW          245    .bss.hrtc           rtc.o
    0x20000918        -       0x00000014   Zero   RW          378    .bss.hsubghz        subghz.o
    0x2000092c        -       0x00000090   Zero   RW          429    .bss.huart2         usart.o
    0x200009bc        -       0x00000018   Zero   RW         1084    .bss.pFlash         stm32wlxx_hal_flash.o
    0x200009d4        -       0x00000010   Zero   RW          110    .bss.pKeyAES        subghz_phy_app.o
    0x200009e4        -       0x00000100   Zero   RW         2910    .bss.sztmp          stm32_adv_trace.o
    0x20000ae4        -       0x00000004   Zero   RW          209    .bss.trick_time     main.o
    0x20000ae8        -       0x00000004   Zero   RW          806    .bss.uwTick         stm32wlxx_hal.o
    0x20000aec   0x08008170   0x00000004   PAD
    0x20000af0        -       0x00000800   Zero   RW          602    STACK               startup_stm32wl55xx_cm4.o


    Execution Region RW_IRAM2 (Exec base: 0x20008000, Load base: 0x08008170, Size: 0x00008000, Max: 0x00008000, ABSOLUTE)

    Exec Addr    Load Addr    Size         Type   Attr      Idx    E Section Name        Object

    0x20008000        -       0x00008000   Zero   RW            1    RW_IRAM2.bss        anon$$obj.o


==============================================================================

Image component sizes


      Code (inc. data)   RO Data    RW Data    ZI Data      Debug   Object Name

        22          0          0          0          0        815   app_subghz_phy.o
        96          8         18          0          0       7904   board_resources.o
        62          4          0          0          0       4030   dma.o
       346         48          0          0         12      12542   main.o
       412         44          0          0         84       8485   max44009_sensor.o
      3810        136        312          1        467      27033   radio.o
       260         72          0          0          0       4081   radio_board_if.o
      2384        124          0          0         24      25387   radio_driver.o
       536         28         16          0        104       9153   rd_flash.o
       236         16          0          0         60       7260   rtc.o
        36          8        312          0       2048        860   startup_stm32wl55xx_cm4.o
       694         32          0          0        796      10236   stm32_adv_trace.o
       160          8          0          0          8       2682   stm32_lpm.o
        68          4         24          0          0       2641   stm32_lpm_if.o
        14          0          0          0          0       1436   stm32_mem.o
       368         16         16          8        160       6347   stm32_seq.o
       108          8          0          0          0       6060   stm32_systime.o
       640         12          0          0          4       7630   stm32_timer.o
       696         84          7          0          0       3581   stm32_tiny_vsnprintf.o
       170         28          0          8          4      12445   stm32wlxx_hal.o
       172         20          0          0          0      10003   stm32wlxx_hal_cortex.o
      2200         12         48          0          0      33719   stm32wlxx_hal_cryp.o
      1050         32          0          0          0       9390   stm32wlxx_hal_dma.o
       324         28          0          0         24       5918   stm32wlxx_hal_flash.o
       180          8          0          0          0      10286   stm32wlxx_hal_flash_ex.o
       632         16          0          0          0       4880   stm32wlxx_hal_gpio.o
      1106         24          0          0          0      41504   stm32wlxx_hal_i2c.o
       126          0          0          0          0       5817   stm32wlxx_hal_i2c_ex.o
         2          0          0          0          0        452   stm32wlxx_hal_msp.o
        84         12          0          0          0       5662   stm32wlxx_hal_pwr.o
       140          8          0          0          0      11230   stm32wlxx_hal_pwr_ex.o
      2412         88         24          0          0      16776   stm32wlxx_hal_rcc.o
       414          8          0          0          0      13504   stm32wlxx_hal_rcc_ex.o
       498         28          0          0          0       5282   stm32wlxx_hal_rng.o
       882         32          0          0          0      14409   stm32wlxx_hal_rtc.o
       166          4          0          0          0      17683   stm32wlxx_hal_rtc_ex.o
      1316         44          0          0          0      14888   stm32wlxx_hal_subghz.o
      3050        134         40          0          0      29323   stm32wlxx_hal_uart.o
       420          8         16          0          0      10152   stm32wlxx_hal_uart_ex.o
        72         12          0          0          0       6907   stm32wlxx_it.o
        76          8          0          0         20       5225   subghz.o
      2640        504        131        196        536      19408   subghz_phy_app.o
       328         32          0          0          0       6197   sys_app.o
        72          4          0          0          0       2904   sys_debug.o
         2          0        160          4          0       2953   system_stm32wlxx.o
       426         16         64          0          8       8521   timer_if.o
       372         28          0          0        244       9038   usart.o
       256         32         16          0         12      10160   usart_if.o

    ----------------------------------------------------------------------
     30592       1822       1240        220      37392     492799   Object Totals
         0          0         32          0      32768          0   (incl. Generated)
        56          0          4          3          9          0   (incl. Padding)

    ----------------------------------------------------------------------

      Code (inc. data)   RO Data    RW Data    ZI Data      Debug   Library Member Name

        30          6          0          0          0        136   dunder.o
       116          0          0          0          0         84   ldexp.o
         0          0          0          0          0          0   entry.o
         0          0          0          0          0          0   entry10a.o
         0          0          0          0          0          0   entry11a.o
         8          4          0          0          0          0   entry2.o
         4          0          0          0          0          0   entry5.o
         0          0          0          0          0          0   entry7b.o
         0          0          0          0          0          0   entry8b.o
         8          4          0          0          0          0   entry9a.o
        12          6          0          4          0         68   errno.o
        30          0          0          0          0          0   handlers.o
        36          8          0          0          0         68   init.o
         0          0          0          0          0          0   iusefp.o
        30          0          0          0          0         68   llshl.o
        32          0          0          0          0         68   llushr.o
        36          0          0          0          0         68   memcpya.o
        36          0          0          0          0        108   memseta.o
        14          0          0          0          0         68   strlen.o
        98          0          0          0          0         92   uldiv.o
        48          0          0          0          0         68   cdcmple.o
       186          0          0          0          0        176   depilogue.o
        50          0          0          0          0         76   dfixui.o
        26          0          0          0          0         76   dfltui.o
       228          0          0          0          0         96   dmul.o
        46          0          0          0          0         80   dscalb.o

    ----------------------------------------------------------------------
      1080         28          0          4          0       1400   Library Totals
         6          0          0          0          0          0   (incl. Padding)

    ----------------------------------------------------------------------

      Code (inc. data)   RO Data    RW Data    ZI Data      Debug   Library Name

       146          6          0          0          0        220   m_ws.l
       344         22          0          4          0        608   mc_w.l
       584          0          0          0          0        572   mf_w.l

    ----------------------------------------------------------------------
      1080         28          0          4          0       1400   Library Totals

    ----------------------------------------------------------------------

==============================================================================


      Code (inc. data)   RO Data    RW Data    ZI Data      Debug   

     31672       1850       1240        224      37392     492755   Grand Totals
     31672       1850       1240        224      37392     492755   ELF Image Totals
     31672       1850       1240        224          0          0   ROM Totals

==============================================================================

    Total RO  Size (Code + RO Data)                32912 (  32.14kB)
    Total RW  Size (RW Data + ZI Data)             37616 (  36.73kB)
    Total ROM Size (Code + RO Data + RW Data)      33136 (  32.36kB)

==============================================================================

